---
http_interactions:
- request:
    method: post
    uri: http://localhost:2633/RPC2
    body:
      encoding: UTF-8
      string: '<?xml version="1.0" ?><methodCall><methodName>one.imagepool.info</methodName><params><param><value><string>oneadmin:opennebula</string></value></param><param><value><i4>-2</i4></value></param><param><value><i4>-1</i4></value></param><param><value><i4>-1</i4></value></param></params></methodCall>

'
    headers:
      User-Agent:
      - XMLRPC::Client (Ruby 2.3.3)
      Content-Type:
      - text/xml; charset=utf-8
      Content-Length:
      - '297'
      Connection:
      - close
      Accept-Encoding:
      - identity
      Accept:
      - "*/*"
  response:
    status:
      code: 200
      message: OK
    headers:
      Content-Type:
      - text/xml; charset=utf-8
      Content-Length:
      - '7005'
      Connection:
      - close
      Date:
      - Tue, 28 Feb 2017 15:54:30 UTC
      Server:
      - Xmlrpc-c_Abyss/1.40.0
    body:
      encoding: UTF-8
      string: "<?xml version=\"1.0\" encoding=\"UTF-8\"?>\r\n<methodResponse>\r\n<params>\r\n<param><value><array><data>\r\n<value><boolean>1</boolean></value>\r\n<value><string>&lt;IMAGE_POOL&gt;&lt;IMAGE&gt;&lt;ID&gt;16&lt;/ID&gt;&lt;UID&gt;0&lt;/UID&gt;&lt;GID&gt;0&lt;/GID&gt;&lt;UNAME&gt;oneadmin&lt;/UNAME&gt;&lt;GNAME&gt;oneadmin&lt;/GNAME&gt;&lt;NAME&gt;ttylinux01&lt;/NAME&gt;&lt;PERMISSIONS&gt;&lt;OWNER_U&gt;1&lt;/OWNER_U&gt;&lt;OWNER_M&gt;1&lt;/OWNER_M&gt;&lt;OWNER_A&gt;0&lt;/OWNER_A&gt;&lt;GROUP_U&gt;0&lt;/GROUP_U&gt;&lt;GROUP_M&gt;0&lt;/GROUP_M&gt;&lt;GROUP_A&gt;0&lt;/GROUP_A&gt;&lt;OTHER_U&gt;0&lt;/OTHER_U&gt;&lt;OTHER_M&gt;0&lt;/OTHER_M&gt;&lt;OTHER_A&gt;0&lt;/OTHER_A&gt;&lt;/PERMISSIONS&gt;&lt;TYPE&gt;0&lt;/TYPE&gt;&lt;DISK_TYPE&gt;0&lt;/DISK_TYPE&gt;&lt;PERSISTENT&gt;0&lt;/PERSISTENT&gt;&lt;REGTIME&gt;1488292934&lt;/REGTIME&gt;&lt;SOURCE&gt;&lt;![CDATA[/var/lib/one//datastores/1/a270b5c38ca639395ff667331fc14f7c]]&gt;&lt;/SOURCE&gt;&lt;PATH&gt;&lt;![CDATA[/var/lib/one//datastores/1/b86209767f8b1d938e5299a8fc9125b9]]&gt;&lt;/PATH&gt;&lt;FSTYPE&gt;&lt;![CDATA[raw]]&gt;&lt;/FSTYPE&gt;&lt;SIZE&gt;40&lt;/SIZE&gt;&lt;STATE&gt;1&lt;/STATE&gt;&lt;RUNNING_VMS&gt;0&lt;/RUNNING_VMS&gt;&lt;CLONING_OPS&gt;0&lt;/CLONING_OPS&gt;&lt;CLONING_ID&gt;-1&lt;/CLONING_ID&gt;&lt;TARGET_SNAPSHOT&gt;-1&lt;/TARGET_SNAPSHOT&gt;&lt;DATASTORE_ID&gt;1&lt;/DATASTORE_ID&gt;&lt;DATASTORE&gt;default&lt;/DATASTORE&gt;&lt;VMS&gt;&lt;/VMS&gt;&lt;CLONES&gt;&lt;/CLONES&gt;&lt;APP_CLONES&gt;&lt;/APP_CLONES&gt;&lt;TEMPLATE&gt;&lt;CLOUDKEEPER_APPLIANCE_ID&gt;&lt;![CDATA[111]]&gt;&lt;/CLOUDKEEPER_APPLIANCE_ID&gt;&lt;CLOUDKEEPER_ID&gt;&lt;![CDATA[cloudkeeper-spec]]&gt;&lt;/CLOUDKEEPER_ID&gt;&lt;DEV_PREFIX&gt;&lt;![CDATA[hd]]&gt;&lt;/DEV_PREFIX&gt;&lt;FSTYPE&gt;&lt;![CDATA[raw]]&gt;&lt;/FSTYPE&gt;&lt;/TEMPLATE&gt;&lt;SNAPSHOTS&gt;&lt;/SNAPSHOTS&gt;&lt;/IMAGE&gt;&lt;IMAGE&gt;&lt;ID&gt;18&lt;/ID&gt;&lt;UID&gt;0&lt;/UID&gt;&lt;GID&gt;0&lt;/GID&gt;&lt;UNAME&gt;oneadmin&lt;/UNAME&gt;&lt;GNAME&gt;oneadmin&lt;/GNAME&gt;&lt;NAME&gt;EXPIRED_1488291204_ttylinux03&lt;/NAME&gt;&lt;PERMISSIONS&gt;&lt;OWNER_U&gt;1&lt;/OWNER_U&gt;&lt;OWNER_M&gt;1&lt;/OWNER_M&gt;&lt;OWNER_A&gt;0&lt;/OWNER_A&gt;&lt;GROUP_U&gt;0&lt;/GROUP_U&gt;&lt;GROUP_M&gt;0&lt;/GROUP_M&gt;&lt;GROUP_A&gt;0&lt;/GROUP_A&gt;&lt;OTHER_U&gt;0&lt;/OTHER_U&gt;&lt;OTHER_M&gt;0&lt;/OTHER_M&gt;&lt;OTHER_A&gt;0&lt;/OTHER_A&gt;&lt;/PERMISSIONS&gt;&lt;TYPE&gt;0&lt;/TYPE&gt;&lt;DISK_TYPE&gt;0&lt;/DISK_TYPE&gt;&lt;PERSISTENT&gt;0&lt;/PERSISTENT&gt;&lt;REGTIME&gt;1488292949&lt;/REGTIME&gt;&lt;SOURCE&gt;&lt;![CDATA[/var/lib/one//datastores/1/b1518fce70946b87bc24050d01f261df]]&gt;&lt;/SOURCE&gt;&lt;PATH&gt;&lt;![CDATA[/var/lib/one//datastores/1/b86209767f8b1d938e5299a8fc9125b9]]&gt;&lt;/PATH&gt;&lt;FSTYPE&gt;&lt;![CDATA[raw]]&gt;&lt;/FSTYPE&gt;&lt;SIZE&gt;40&lt;/SIZE&gt;&lt;STATE&gt;1&lt;/STATE&gt;&lt;RUNNING_VMS&gt;0&lt;/RUNNING_VMS&gt;&lt;CLONING_OPS&gt;0&lt;/CLONING_OPS&gt;&lt;CLONING_ID&gt;-1&lt;/CLONING_ID&gt;&lt;TARGET_SNAPSHOT&gt;-1&lt;/TARGET_SNAPSHOT&gt;&lt;DATASTORE_ID&gt;1&lt;/DATASTORE_ID&gt;&lt;DATASTORE&gt;default&lt;/DATASTORE&gt;&lt;VMS&gt;&lt;/VMS&gt;&lt;CLONES&gt;&lt;/CLONES&gt;&lt;APP_CLONES&gt;&lt;/APP_CLONES&gt;&lt;TEMPLATE&gt;&lt;CLOUDKEEPER_APPLIANCE_ID&gt;&lt;![CDATA[qwerty123]]&gt;&lt;/CLOUDKEEPER_APPLIANCE_ID&gt;&lt;CLOUDKEEPER_ID&gt;&lt;![CDATA[cloudkeeper-spec]]&gt;&lt;/CLOUDKEEPER_ID&gt;&lt;DEV_PREFIX&gt;&lt;![CDATA[hd]]&gt;&lt;/DEV_PREFIX&gt;&lt;FSTYPE&gt;&lt;![CDATA[raw]]&gt;&lt;/FSTYPE&gt;&lt;/TEMPLATE&gt;&lt;SNAPSHOTS&gt;&lt;/SNAPSHOTS&gt;&lt;/IMAGE&gt;&lt;IMAGE&gt;&lt;ID&gt;21&lt;/ID&gt;&lt;UID&gt;0&lt;/UID&gt;&lt;GID&gt;0&lt;/GID&gt;&lt;UNAME&gt;oneadmin&lt;/UNAME&gt;&lt;GNAME&gt;oneadmin&lt;/GNAME&gt;&lt;NAME&gt;EXPIRED_1488291204_ttylinux06&lt;/NAME&gt;&lt;PERMISSIONS&gt;&lt;OWNER_U&gt;1&lt;/OWNER_U&gt;&lt;OWNER_M&gt;1&lt;/OWNER_M&gt;&lt;OWNER_A&gt;0&lt;/OWNER_A&gt;&lt;GROUP_U&gt;0&lt;/GROUP_U&gt;&lt;GROUP_M&gt;0&lt;/GROUP_M&gt;&lt;GROUP_A&gt;0&lt;/GROUP_A&gt;&lt;OTHER_U&gt;0&lt;/OTHER_U&gt;&lt;OTHER_M&gt;0&lt;/OTHER_M&gt;&lt;OTHER_A&gt;0&lt;/OTHER_A&gt;&lt;/PERMISSIONS&gt;&lt;TYPE&gt;0&lt;/TYPE&gt;&lt;DISK_TYPE&gt;0&lt;/DISK_TYPE&gt;&lt;PERSISTENT&gt;0&lt;/PERSISTENT&gt;&lt;REGTIME&gt;1488292970&lt;/REGTIME&gt;&lt;SOURCE&gt;&lt;![CDATA[/var/lib/one//datastores/1/95f38eff8ae3dbcfd486487e77df64a4]]&gt;&lt;/SOURCE&gt;&lt;PATH&gt;&lt;![CDATA[/var/lib/one//datastores/1/b86209767f8b1d938e5299a8fc9125b9]]&gt;&lt;/PATH&gt;&lt;FSTYPE&gt;&lt;![CDATA[raw]]&gt;&lt;/FSTYPE&gt;&lt;SIZE&gt;40&lt;/SIZE&gt;&lt;STATE&gt;1&lt;/STATE&gt;&lt;RUNNING_VMS&gt;0&lt;/RUNNING_VMS&gt;&lt;CLONING_OPS&gt;0&lt;/CLONING_OPS&gt;&lt;CLONING_ID&gt;-1&lt;/CLONING_ID&gt;&lt;TARGET_SNAPSHOT&gt;-1&lt;/TARGET_SNAPSHOT&gt;&lt;DATASTORE_ID&gt;1&lt;/DATASTORE_ID&gt;&lt;DATASTORE&gt;default&lt;/DATASTORE&gt;&lt;VMS&gt;&lt;/VMS&gt;&lt;CLONES&gt;&lt;/CLONES&gt;&lt;APP_CLONES&gt;&lt;/APP_CLONES&gt;&lt;TEMPLATE&gt;&lt;CLOUDKEEPER_APPLIANCE_ID&gt;&lt;![CDATA[qwerty123]]&gt;&lt;/CLOUDKEEPER_APPLIANCE_ID&gt;&lt;CLOUDKEEPER_ID&gt;&lt;![CDATA[cloudkeeper-spec]]&gt;&lt;/CLOUDKEEPER_ID&gt;&lt;DEV_PREFIX&gt;&lt;![CDATA[hd]]&gt;&lt;/DEV_PREFIX&gt;&lt;FSTYPE&gt;&lt;![CDATA[raw]]&gt;&lt;/FSTYPE&gt;&lt;/TEMPLATE&gt;&lt;SNAPSHOTS&gt;&lt;/SNAPSHOTS&gt;&lt;/IMAGE&gt;&lt;IMAGE&gt;&lt;ID&gt;22&lt;/ID&gt;&lt;UID&gt;0&lt;/UID&gt;&lt;GID&gt;0&lt;/GID&gt;&lt;UNAME&gt;oneadmin&lt;/UNAME&gt;&lt;GNAME&gt;oneadmin&lt;/GNAME&gt;&lt;NAME&gt;ttylinux07&lt;/NAME&gt;&lt;PERMISSIONS&gt;&lt;OWNER_U&gt;1&lt;/OWNER_U&gt;&lt;OWNER_M&gt;1&lt;/OWNER_M&gt;&lt;OWNER_A&gt;0&lt;/OWNER_A&gt;&lt;GROUP_U&gt;0&lt;/GROUP_U&gt;&lt;GROUP_M&gt;0&lt;/GROUP_M&gt;&lt;GROUP_A&gt;0&lt;/GROUP_A&gt;&lt;OTHER_U&gt;0&lt;/OTHER_U&gt;&lt;OTHER_M&gt;0&lt;/OTHER_M&gt;&lt;OTHER_A&gt;0&lt;/OTHER_A&gt;&lt;/PERMISSIONS&gt;&lt;TYPE&gt;0&lt;/TYPE&gt;&lt;DISK_TYPE&gt;0&lt;/DISK_TYPE&gt;&lt;PERSISTENT&gt;0&lt;/PERSISTENT&gt;&lt;REGTIME&gt;1488292976&lt;/REGTIME&gt;&lt;SOURCE&gt;&lt;![CDATA[/var/lib/one//datastores/1/8b2584d280f7c33a10094db93521a0ce]]&gt;&lt;/SOURCE&gt;&lt;PATH&gt;&lt;![CDATA[/var/lib/one//datastores/1/b86209767f8b1d938e5299a8fc9125b9]]&gt;&lt;/PATH&gt;&lt;FSTYPE&gt;&lt;![CDATA[raw]]&gt;&lt;/FSTYPE&gt;&lt;SIZE&gt;40&lt;/SIZE&gt;&lt;STATE&gt;1&lt;/STATE&gt;&lt;RUNNING_VMS&gt;0&lt;/RUNNING_VMS&gt;&lt;CLONING_OPS&gt;0&lt;/CLONING_OPS&gt;&lt;CLONING_ID&gt;-1&lt;/CLONING_ID&gt;&lt;TARGET_SNAPSHOT&gt;-1&lt;/TARGET_SNAPSHOT&gt;&lt;DATASTORE_ID&gt;1&lt;/DATASTORE_ID&gt;&lt;DATASTORE&gt;default&lt;/DATASTORE&gt;&lt;VMS&gt;&lt;/VMS&gt;&lt;CLONES&gt;&lt;/CLONES&gt;&lt;APP_CLONES&gt;&lt;/APP_CLONES&gt;&lt;TEMPLATE&gt;&lt;CLOUDKEEPER_APPLIANCE_ID&gt;&lt;![CDATA[777]]&gt;&lt;/CLOUDKEEPER_APPLIANCE_ID&gt;&lt;CLOUDKEEPER_ID&gt;&lt;![CDATA[cloudkeeper-spec]]&gt;&lt;/CLOUDKEEPER_ID&gt;&lt;DEV_PREFIX&gt;&lt;![CDATA[hd]]&gt;&lt;/DEV_PREFIX&gt;&lt;FSTYPE&gt;&lt;![CDATA[raw]]&gt;&lt;/FSTYPE&gt;&lt;/TEMPLATE&gt;&lt;SNAPSHOTS&gt;&lt;/SNAPSHOTS&gt;&lt;/IMAGE&gt;&lt;/IMAGE_POOL&gt;</string></value>\r\n<value><i4>0</i4></value>\r\n</data></array></value></param>\r\n</params>\r\n</methodResponse>\r\n"
    http_version:
  recorded_at: Tue, 28 Feb 2017 14:54:31 GMT
- request:
    method: post
    uri: http://localhost:2633/RPC2
    body:
      encoding: UTF-8
      string: '<?xml version="1.0" ?><methodCall><methodName>one.image.info</methodName><params><param><value><string>oneadmin:opennebula</string></value></param><param><value><i4>18</i4></value></param></params></methodCall>

'
    headers:
      User-Agent:
      - XMLRPC::Client (Ruby 2.3.3)
      Content-Type:
      - text/xml; charset=utf-8
      Content-Length:
      - '211'
      Connection:
      - close
      Accept-Encoding:
      - identity
      Accept:
      - "*/*"
  response:
    status:
      code: 200
      message: OK
    headers:
      Content-Type:
      - text/xml; charset=utf-8
      Content-Length:
      - '1948'
      Connection:
      - close
      Date:
      - Tue, 28 Feb 2017 15:54:30 UTC
      Server:
      - Xmlrpc-c_Abyss/1.40.0
    body:
      encoding: UTF-8
      string: "<?xml version=\"1.0\" encoding=\"UTF-8\"?>\r\n<methodResponse>\r\n<params>\r\n<param><value><array><data>\r\n<value><boolean>1</boolean></value>\r\n<value><string>&lt;IMAGE&gt;&lt;ID&gt;18&lt;/ID&gt;&lt;UID&gt;0&lt;/UID&gt;&lt;GID&gt;0&lt;/GID&gt;&lt;UNAME&gt;oneadmin&lt;/UNAME&gt;&lt;GNAME&gt;oneadmin&lt;/GNAME&gt;&lt;NAME&gt;EXPIRED_1488291204_ttylinux03&lt;/NAME&gt;&lt;PERMISSIONS&gt;&lt;OWNER_U&gt;1&lt;/OWNER_U&gt;&lt;OWNER_M&gt;1&lt;/OWNER_M&gt;&lt;OWNER_A&gt;0&lt;/OWNER_A&gt;&lt;GROUP_U&gt;0&lt;/GROUP_U&gt;&lt;GROUP_M&gt;0&lt;/GROUP_M&gt;&lt;GROUP_A&gt;0&lt;/GROUP_A&gt;&lt;OTHER_U&gt;0&lt;/OTHER_U&gt;&lt;OTHER_M&gt;0&lt;/OTHER_M&gt;&lt;OTHER_A&gt;0&lt;/OTHER_A&gt;&lt;/PERMISSIONS&gt;&lt;TYPE&gt;0&lt;/TYPE&gt;&lt;DISK_TYPE&gt;0&lt;/DISK_TYPE&gt;&lt;PERSISTENT&gt;0&lt;/PERSISTENT&gt;&lt;REGTIME&gt;1488292949&lt;/REGTIME&gt;&lt;SOURCE&gt;&lt;![CDATA[/var/lib/one//datastores/1/b1518fce70946b87bc24050d01f261df]]&gt;&lt;/SOURCE&gt;&lt;PATH&gt;&lt;![CDATA[/var/lib/one//datastores/1/b86209767f8b1d938e5299a8fc9125b9]]&gt;&lt;/PATH&gt;&lt;FSTYPE&gt;&lt;![CDATA[raw]]&gt;&lt;/FSTYPE&gt;&lt;SIZE&gt;40&lt;/SIZE&gt;&lt;STATE&gt;1&lt;/STATE&gt;&lt;RUNNING_VMS&gt;0&lt;/RUNNING_VMS&gt;&lt;CLONING_OPS&gt;0&lt;/CLONING_OPS&gt;&lt;CLONING_ID&gt;-1&lt;/CLONING_ID&gt;&lt;TARGET_SNAPSHOT&gt;-1&lt;/TARGET_SNAPSHOT&gt;&lt;DATASTORE_ID&gt;1&lt;/DATASTORE_ID&gt;&lt;DATASTORE&gt;default&lt;/DATASTORE&gt;&lt;VMS&gt;&lt;/VMS&gt;&lt;CLONES&gt;&lt;/CLONES&gt;&lt;APP_CLONES&gt;&lt;/APP_CLONES&gt;&lt;TEMPLATE&gt;&lt;CLOUDKEEPER_APPLIANCE_ID&gt;&lt;![CDATA[qwerty123]]&gt;&lt;/CLOUDKEEPER_APPLIANCE_ID&gt;&lt;CLOUDKEEPER_ID&gt;&lt;![CDATA[cloudkeeper-spec]]&gt;&lt;/CLOUDKEEPER_ID&gt;&lt;DEV_PREFIX&gt;&lt;![CDATA[hd]]&gt;&lt;/DEV_PREFIX&gt;&lt;FSTYPE&gt;&lt;![CDATA[raw]]&gt;&lt;/FSTYPE&gt;&lt;/TEMPLATE&gt;&lt;SNAPSHOTS&gt;&lt;/SNAPSHOTS&gt;&lt;/IMAGE&gt;</string></value>\r\n<value><i4>0</i4></value>\r\n</data></array></value></param>\r\n</params>\r\n</methodResponse>\r\n"
    http_version:
  recorded_at: Tue, 28 Feb 2017 14:54:31 GMT
- request:
    method: post
    uri: http://localhost:2633/RPC2
    body:
      encoding: UTF-8
      string: '<?xml version="1.0" ?><methodCall><methodName>one.image.chmod</methodName><params><param><value><string>oneadmin:opennebula</string></value></param><param><value><i4>18</i4></value></param><param><value><i4>1</i4></value></param><param><value><i4>1</i4></value></param><param><value><i4>0</i4></value></param><param><value><i4>0</i4></value></param><param><value><i4>0</i4></value></param><param><value><i4>0</i4></value></param><param><value><i4>0</i4></value></param><param><value><i4>0</i4></value></param><param><value><i4>0</i4></value></param></params></methodCall>

'
    headers:
      User-Agent:
      - XMLRPC::Client (Ruby 2.3.3)
      Content-Type:
      - text/xml; charset=utf-8
      Content-Length:
      - '572'
      Connection:
      - close
      Accept-Encoding:
      - identity
      Accept:
      - "*/*"
  response:
    status:
      code: 200
      message: OK
    headers:
      Content-Type:
      - text/xml; charset=utf-8
      Content-Length:
      - '252'
      Connection:
      - close
      Date:
      - Tue, 28 Feb 2017 15:54:30 UTC
      Server:
      - Xmlrpc-c_Abyss/1.40.0
    body:
      encoding: UTF-8
      string: "<?xml version=\"1.0\" encoding=\"UTF-8\"?>\r\n<methodResponse>\r\n<params>\r\n<param><value><array><data>\r\n<value><boolean>1</boolean></value>\r\n<value><i4>18</i4></value>\r\n<value><i4>0</i4></value>\r\n</data></array></value></param>\r\n</params>\r\n</methodResponse>\r\n"
    http_version:
  recorded_at: Tue, 28 Feb 2017 14:54:31 GMT
- request:
    method: post
    uri: http://localhost:2633/RPC2
    body:
      encoding: UTF-8
      string: '<?xml version="1.0" ?><methodCall><methodName>one.image.info</methodName><params><param><value><string>oneadmin:opennebula</string></value></param><param><value><i4>18</i4></value></param></params></methodCall>

'
    headers:
      User-Agent:
      - XMLRPC::Client (Ruby 2.3.3)
      Content-Type:
      - text/xml; charset=utf-8
      Content-Length:
      - '211'
      Connection:
      - close
      Accept-Encoding:
      - identity
      Accept:
      - "*/*"
  response:
    status:
      code: 200
      message: OK
    headers:
      Content-Type:
      - text/xml; charset=utf-8
      Content-Length:
      - '1948'
      Connection:
      - close
      Date:
      - Tue, 28 Feb 2017 15:54:30 UTC
      Server:
      - Xmlrpc-c_Abyss/1.40.0
    body:
      encoding: UTF-8
      string: "<?xml version=\"1.0\" encoding=\"UTF-8\"?>\r\n<methodResponse>\r\n<params>\r\n<param><value><array><data>\r\n<value><boolean>1</boolean></value>\r\n<value><string>&lt;IMAGE&gt;&lt;ID&gt;18&lt;/ID&gt;&lt;UID&gt;0&lt;/UID&gt;&lt;GID&gt;0&lt;/GID&gt;&lt;UNAME&gt;oneadmin&lt;/UNAME&gt;&lt;GNAME&gt;oneadmin&lt;/GNAME&gt;&lt;NAME&gt;EXPIRED_1488291204_ttylinux03&lt;/NAME&gt;&lt;PERMISSIONS&gt;&lt;OWNER_U&gt;1&lt;/OWNER_U&gt;&lt;OWNER_M&gt;1&lt;/OWNER_M&gt;&lt;OWNER_A&gt;0&lt;/OWNER_A&gt;&lt;GROUP_U&gt;0&lt;/GROUP_U&gt;&lt;GROUP_M&gt;0&lt;/GROUP_M&gt;&lt;GROUP_A&gt;0&lt;/GROUP_A&gt;&lt;OTHER_U&gt;0&lt;/OTHER_U&gt;&lt;OTHER_M&gt;0&lt;/OTHER_M&gt;&lt;OTHER_A&gt;0&lt;/OTHER_A&gt;&lt;/PERMISSIONS&gt;&lt;TYPE&gt;0&lt;/TYPE&gt;&lt;DISK_TYPE&gt;0&lt;/DISK_TYPE&gt;&lt;PERSISTENT&gt;0&lt;/PERSISTENT&gt;&lt;REGTIME&gt;1488292949&lt;/REGTIME&gt;&lt;SOURCE&gt;&lt;![CDATA[/var/lib/one//datastores/1/b1518fce70946b87bc24050d01f261df]]&gt;&lt;/SOURCE&gt;&lt;PATH&gt;&lt;![CDATA[/var/lib/one//datastores/1/b86209767f8b1d938e5299a8fc9125b9]]&gt;&lt;/PATH&gt;&lt;FSTYPE&gt;&lt;![CDATA[raw]]&gt;&lt;/FSTYPE&gt;&lt;SIZE&gt;40&lt;/SIZE&gt;&lt;STATE&gt;1&lt;/STATE&gt;&lt;RUNNING_VMS&gt;0&lt;/RUNNING_VMS&gt;&lt;CLONING_OPS&gt;0&lt;/CLONING_OPS&gt;&lt;CLONING_ID&gt;-1&lt;/CLONING_ID&gt;&lt;TARGET_SNAPSHOT&gt;-1&lt;/TARGET_SNAPSHOT&gt;&lt;DATASTORE_ID&gt;1&lt;/DATASTORE_ID&gt;&lt;DATASTORE&gt;default&lt;/DATASTORE&gt;&lt;VMS&gt;&lt;/VMS&gt;&lt;CLONES&gt;&lt;/CLONES&gt;&lt;APP_CLONES&gt;&lt;/APP_CLONES&gt;&lt;TEMPLATE&gt;&lt;CLOUDKEEPER_APPLIANCE_ID&gt;&lt;![CDATA[qwerty123]]&gt;&lt;/CLOUDKEEPER_APPLIANCE_ID&gt;&lt;CLOUDKEEPER_ID&gt;&lt;![CDATA[cloudkeeper-spec]]&gt;&lt;/CLOUDKEEPER_ID&gt;&lt;DEV_PREFIX&gt;&lt;![CDATA[hd]]&gt;&lt;/DEV_PREFIX&gt;&lt;FSTYPE&gt;&lt;![CDATA[raw]]&gt;&lt;/FSTYPE&gt;&lt;/TEMPLATE&gt;&lt;SNAPSHOTS&gt;&lt;/SNAPSHOTS&gt;&lt;/IMAGE&gt;</string></value>\r\n<value><i4>0</i4></value>\r\n</data></array></value></param>\r\n</params>\r\n</methodResponse>\r\n"
    http_version:
  recorded_at: Tue, 28 Feb 2017 14:54:31 GMT
- request:
    method: post
    uri: http://localhost:2633/RPC2
    body:
      encoding: UTF-8
      string: '<?xml version="1.0" ?><methodCall><methodName>one.image.info</methodName><params><param><value><string>oneadmin:opennebula</string></value></param><param><value><i4>18</i4></value></param></params></methodCall>

'
    headers:
      User-Agent:
      - XMLRPC::Client (Ruby 2.3.3)
      Content-Type:
      - text/xml; charset=utf-8
      Content-Length:
      - '211'
      Connection:
      - close
      Accept-Encoding:
      - identity
      Accept:
      - "*/*"
  response:
    status:
      code: 200
      message: OK
    headers:
      Content-Type:
      - text/xml; charset=utf-8
      Content-Length:
      - '1948'
      Connection:
      - close
      Date:
      - Tue, 28 Feb 2017 15:54:30 UTC
      Server:
      - Xmlrpc-c_Abyss/1.40.0
    body:
      encoding: UTF-8
      string: "<?xml version=\"1.0\" encoding=\"UTF-8\"?>\r\n<methodResponse>\r\n<params>\r\n<param><value><array><data>\r\n<value><boolean>1</boolean></value>\r\n<value><string>&lt;IMAGE&gt;&lt;ID&gt;18&lt;/ID&gt;&lt;UID&gt;0&lt;/UID&gt;&lt;GID&gt;0&lt;/GID&gt;&lt;UNAME&gt;oneadmin&lt;/UNAME&gt;&lt;GNAME&gt;oneadmin&lt;/GNAME&gt;&lt;NAME&gt;EXPIRED_1488291204_ttylinux03&lt;/NAME&gt;&lt;PERMISSIONS&gt;&lt;OWNER_U&gt;1&lt;/OWNER_U&gt;&lt;OWNER_M&gt;1&lt;/OWNER_M&gt;&lt;OWNER_A&gt;0&lt;/OWNER_A&gt;&lt;GROUP_U&gt;0&lt;/GROUP_U&gt;&lt;GROUP_M&gt;0&lt;/GROUP_M&gt;&lt;GROUP_A&gt;0&lt;/GROUP_A&gt;&lt;OTHER_U&gt;0&lt;/OTHER_U&gt;&lt;OTHER_M&gt;0&lt;/OTHER_M&gt;&lt;OTHER_A&gt;0&lt;/OTHER_A&gt;&lt;/PERMISSIONS&gt;&lt;TYPE&gt;0&lt;/TYPE&gt;&lt;DISK_TYPE&gt;0&lt;/DISK_TYPE&gt;&lt;PERSISTENT&gt;0&lt;/PERSISTENT&gt;&lt;REGTIME&gt;1488292949&lt;/REGTIME&gt;&lt;SOURCE&gt;&lt;![CDATA[/var/lib/one//datastores/1/b1518fce70946b87bc24050d01f261df]]&gt;&lt;/SOURCE&gt;&lt;PATH&gt;&lt;![CDATA[/var/lib/one//datastores/1/b86209767f8b1d938e5299a8fc9125b9]]&gt;&lt;/PATH&gt;&lt;FSTYPE&gt;&lt;![CDATA[raw]]&gt;&lt;/FSTYPE&gt;&lt;SIZE&gt;40&lt;/SIZE&gt;&lt;STATE&gt;1&lt;/STATE&gt;&lt;RUNNING_VMS&gt;0&lt;/RUNNING_VMS&gt;&lt;CLONING_OPS&gt;0&lt;/CLONING_OPS&gt;&lt;CLONING_ID&gt;-1&lt;/CLONING_ID&gt;&lt;TARGET_SNAPSHOT&gt;-1&lt;/TARGET_SNAPSHOT&gt;&lt;DATASTORE_ID&gt;1&lt;/DATASTORE_ID&gt;&lt;DATASTORE&gt;default&lt;/DATASTORE&gt;&lt;VMS&gt;&lt;/VMS&gt;&lt;CLONES&gt;&lt;/CLONES&gt;&lt;APP_CLONES&gt;&lt;/APP_CLONES&gt;&lt;TEMPLATE&gt;&lt;CLOUDKEEPER_APPLIANCE_ID&gt;&lt;![CDATA[qwerty123]]&gt;&lt;/CLOUDKEEPER_APPLIANCE_ID&gt;&lt;CLOUDKEEPER_ID&gt;&lt;![CDATA[cloudkeeper-spec]]&gt;&lt;/CLOUDKEEPER_ID&gt;&lt;DEV_PREFIX&gt;&lt;![CDATA[hd]]&gt;&lt;/DEV_PREFIX&gt;&lt;FSTYPE&gt;&lt;![CDATA[raw]]&gt;&lt;/FSTYPE&gt;&lt;/TEMPLATE&gt;&lt;SNAPSHOTS&gt;&lt;/SNAPSHOTS&gt;&lt;/IMAGE&gt;</string></value>\r\n<value><i4>0</i4></value>\r\n</data></array></value></param>\r\n</params>\r\n</methodResponse>\r\n"
    http_version:
  recorded_at: Tue, 28 Feb 2017 14:54:31 GMT
- request:
    method: post
    uri: http://localhost:2633/RPC2
    body:
      encoding: UTF-8
      string: '<?xml version="1.0" ?><methodCall><methodName>one.image.info</methodName><params><param><value><string>oneadmin:opennebula</string></value></param><param><value><i4>18</i4></value></param></params></methodCall>

'
    headers:
      User-Agent:
      - XMLRPC::Client (Ruby 2.3.3)
      Content-Type:
      - text/xml; charset=utf-8
      Content-Length:
      - '211'
      Connection:
      - close
      Accept-Encoding:
      - identity
      Accept:
      - "*/*"
  response:
    status:
      code: 200
      message: OK
    headers:
      Content-Type:
      - text/xml; charset=utf-8
      Content-Length:
      - '1948'
      Connection:
      - close
      Date:
      - Tue, 28 Feb 2017 15:54:30 UTC
      Server:
      - Xmlrpc-c_Abyss/1.40.0
    body:
      encoding: UTF-8
      string: "<?xml version=\"1.0\" encoding=\"UTF-8\"?>\r\n<methodResponse>\r\n<params>\r\n<param><value><array><data>\r\n<value><boolean>1</boolean></value>\r\n<value><string>&lt;IMAGE&gt;&lt;ID&gt;18&lt;/ID&gt;&lt;UID&gt;0&lt;/UID&gt;&lt;GID&gt;0&lt;/GID&gt;&lt;UNAME&gt;oneadmin&lt;/UNAME&gt;&lt;GNAME&gt;oneadmin&lt;/GNAME&gt;&lt;NAME&gt;EXPIRED_1488291204_ttylinux03&lt;/NAME&gt;&lt;PERMISSIONS&gt;&lt;OWNER_U&gt;1&lt;/OWNER_U&gt;&lt;OWNER_M&gt;1&lt;/OWNER_M&gt;&lt;OWNER_A&gt;0&lt;/OWNER_A&gt;&lt;GROUP_U&gt;0&lt;/GROUP_U&gt;&lt;GROUP_M&gt;0&lt;/GROUP_M&gt;&lt;GROUP_A&gt;0&lt;/GROUP_A&gt;&lt;OTHER_U&gt;0&lt;/OTHER_U&gt;&lt;OTHER_M&gt;0&lt;/OTHER_M&gt;&lt;OTHER_A&gt;0&lt;/OTHER_A&gt;&lt;/PERMISSIONS&gt;&lt;TYPE&gt;0&lt;/TYPE&gt;&lt;DISK_TYPE&gt;0&lt;/DISK_TYPE&gt;&lt;PERSISTENT&gt;0&lt;/PERSISTENT&gt;&lt;REGTIME&gt;1488292949&lt;/REGTIME&gt;&lt;SOURCE&gt;&lt;![CDATA[/var/lib/one//datastores/1/b1518fce70946b87bc24050d01f261df]]&gt;&lt;/SOURCE&gt;&lt;PATH&gt;&lt;![CDATA[/var/lib/one//datastores/1/b86209767f8b1d938e5299a8fc9125b9]]&gt;&lt;/PATH&gt;&lt;FSTYPE&gt;&lt;![CDATA[raw]]&gt;&lt;/FSTYPE&gt;&lt;SIZE&gt;40&lt;/SIZE&gt;&lt;STATE&gt;1&lt;/STATE&gt;&lt;RUNNING_VMS&gt;0&lt;/RUNNING_VMS&gt;&lt;CLONING_OPS&gt;0&lt;/CLONING_OPS&gt;&lt;CLONING_ID&gt;-1&lt;/CLONING_ID&gt;&lt;TARGET_SNAPSHOT&gt;-1&lt;/TARGET_SNAPSHOT&gt;&lt;DATASTORE_ID&gt;1&lt;/DATASTORE_ID&gt;&lt;DATASTORE&gt;default&lt;/DATASTORE&gt;&lt;VMS&gt;&lt;/VMS&gt;&lt;CLONES&gt;&lt;/CLONES&gt;&lt;APP_CLONES&gt;&lt;/APP_CLONES&gt;&lt;TEMPLATE&gt;&lt;CLOUDKEEPER_APPLIANCE_ID&gt;&lt;![CDATA[qwerty123]]&gt;&lt;/CLOUDKEEPER_APPLIANCE_ID&gt;&lt;CLOUDKEEPER_ID&gt;&lt;![CDATA[cloudkeeper-spec]]&gt;&lt;/CLOUDKEEPER_ID&gt;&lt;DEV_PREFIX&gt;&lt;![CDATA[hd]]&gt;&lt;/DEV_PREFIX&gt;&lt;FSTYPE&gt;&lt;![CDATA[raw]]&gt;&lt;/FSTYPE&gt;&lt;/TEMPLATE&gt;&lt;SNAPSHOTS&gt;&lt;/SNAPSHOTS&gt;&lt;/IMAGE&gt;</string></value>\r\n<value><i4>0</i4></value>\r\n</data></array></value></param>\r\n</params>\r\n</methodResponse>\r\n"
    http_version:
  recorded_at: Tue, 28 Feb 2017 14:54:31 GMT
- request:
    method: post
    uri: http://localhost:2633/RPC2
    body:
      encoding: UTF-8
      string: '<?xml version="1.0" ?><methodCall><methodName>one.image.enable</methodName><params><param><value><string>oneadmin:opennebula</string></value></param><param><value><i4>18</i4></value></param><param><value><boolean>0</boolean></value></param></params></methodCall>

'
    headers:
      User-Agent:
      - XMLRPC::Client (Ruby 2.3.3)
      Content-Type:
      - text/xml; charset=utf-8
      Content-Length:
      - '263'
      Connection:
      - close
      Accept-Encoding:
      - identity
      Accept:
      - "*/*"
  response:
    status:
      code: 200
      message: OK
    headers:
      Content-Type:
      - text/xml; charset=utf-8
      Content-Length:
      - '252'
      Connection:
      - close
      Date:
      - Tue, 28 Feb 2017 15:54:30 UTC
      Server:
      - Xmlrpc-c_Abyss/1.40.0
    body:
      encoding: UTF-8
      string: "<?xml version=\"1.0\" encoding=\"UTF-8\"?>\r\n<methodResponse>\r\n<params>\r\n<param><value><array><data>\r\n<value><boolean>1</boolean></value>\r\n<value><i4>18</i4></value>\r\n<value><i4>0</i4></value>\r\n</data></array></value></param>\r\n</params>\r\n</methodResponse>\r\n"
    http_version:
  recorded_at: Tue, 28 Feb 2017 14:54:31 GMT
- request:
    method: post
    uri: http://localhost:2633/RPC2
    body:
      encoding: UTF-8
      string: '<?xml version="1.0" ?><methodCall><methodName>one.image.info</methodName><params><param><value><string>oneadmin:opennebula</string></value></param><param><value><i4>18</i4></value></param></params></methodCall>

'
    headers:
      User-Agent:
      - XMLRPC::Client (Ruby 2.3.3)
      Content-Type:
      - text/xml; charset=utf-8
      Content-Length:
      - '211'
      Connection:
      - close
      Accept-Encoding:
      - identity
      Accept:
      - "*/*"
  response:
    status:
      code: 200
      message: OK
    headers:
      Content-Type:
      - text/xml; charset=utf-8
      Content-Length:
      - '1948'
      Connection:
      - close
      Date:
      - Tue, 28 Feb 2017 15:54:30 UTC
      Server:
      - Xmlrpc-c_Abyss/1.40.0
    body:
      encoding: UTF-8
      string: "<?xml version=\"1.0\" encoding=\"UTF-8\"?>\r\n<methodResponse>\r\n<params>\r\n<param><value><array><data>\r\n<value><boolean>1</boolean></value>\r\n<value><string>&lt;IMAGE&gt;&lt;ID&gt;18&lt;/ID&gt;&lt;UID&gt;0&lt;/UID&gt;&lt;GID&gt;0&lt;/GID&gt;&lt;UNAME&gt;oneadmin&lt;/UNAME&gt;&lt;GNAME&gt;oneadmin&lt;/GNAME&gt;&lt;NAME&gt;EXPIRED_1488291204_ttylinux03&lt;/NAME&gt;&lt;PERMISSIONS&gt;&lt;OWNER_U&gt;1&lt;/OWNER_U&gt;&lt;OWNER_M&gt;1&lt;/OWNER_M&gt;&lt;OWNER_A&gt;0&lt;/OWNER_A&gt;&lt;GROUP_U&gt;0&lt;/GROUP_U&gt;&lt;GROUP_M&gt;0&lt;/GROUP_M&gt;&lt;GROUP_A&gt;0&lt;/GROUP_A&gt;&lt;OTHER_U&gt;0&lt;/OTHER_U&gt;&lt;OTHER_M&gt;0&lt;/OTHER_M&gt;&lt;OTHER_A&gt;0&lt;/OTHER_A&gt;&lt;/PERMISSIONS&gt;&lt;TYPE&gt;0&lt;/TYPE&gt;&lt;DISK_TYPE&gt;0&lt;/DISK_TYPE&gt;&lt;PERSISTENT&gt;0&lt;/PERSISTENT&gt;&lt;REGTIME&gt;1488292949&lt;/REGTIME&gt;&lt;SOURCE&gt;&lt;![CDATA[/var/lib/one//datastores/1/b1518fce70946b87bc24050d01f261df]]&gt;&lt;/SOURCE&gt;&lt;PATH&gt;&lt;![CDATA[/var/lib/one//datastores/1/b86209767f8b1d938e5299a8fc9125b9]]&gt;&lt;/PATH&gt;&lt;FSTYPE&gt;&lt;![CDATA[raw]]&gt;&lt;/FSTYPE&gt;&lt;SIZE&gt;40&lt;/SIZE&gt;&lt;STATE&gt;3&lt;/STATE&gt;&lt;RUNNING_VMS&gt;0&lt;/RUNNING_VMS&gt;&lt;CLONING_OPS&gt;0&lt;/CLONING_OPS&gt;&lt;CLONING_ID&gt;-1&lt;/CLONING_ID&gt;&lt;TARGET_SNAPSHOT&gt;-1&lt;/TARGET_SNAPSHOT&gt;&lt;DATASTORE_ID&gt;1&lt;/DATASTORE_ID&gt;&lt;DATASTORE&gt;default&lt;/DATASTORE&gt;&lt;VMS&gt;&lt;/VMS&gt;&lt;CLONES&gt;&lt;/CLONES&gt;&lt;APP_CLONES&gt;&lt;/APP_CLONES&gt;&lt;TEMPLATE&gt;&lt;CLOUDKEEPER_APPLIANCE_ID&gt;&lt;![CDATA[qwerty123]]&gt;&lt;/CLOUDKEEPER_APPLIANCE_ID&gt;&lt;CLOUDKEEPER_ID&gt;&lt;![CDATA[cloudkeeper-spec]]&gt;&lt;/CLOUDKEEPER_ID&gt;&lt;DEV_PREFIX&gt;&lt;![CDATA[hd]]&gt;&lt;/DEV_PREFIX&gt;&lt;FSTYPE&gt;&lt;![CDATA[raw]]&gt;&lt;/FSTYPE&gt;&lt;/TEMPLATE&gt;&lt;SNAPSHOTS&gt;&lt;/SNAPSHOTS&gt;&lt;/IMAGE&gt;</string></value>\r\n<value><i4>0</i4></value>\r\n</data></array></value></param>\r\n</params>\r\n</methodResponse>\r\n"
    http_version:
  recorded_at: Tue, 28 Feb 2017 14:54:31 GMT
- request:
    method: post
    uri: http://localhost:2633/RPC2
    body:
      encoding: UTF-8
      string: '<?xml version="1.0" ?><methodCall><methodName>one.image.rename</methodName><params><param><value><string>oneadmin:opennebula</string></value></param><param><value><i4>18</i4></value></param><param><value><string>EXPIRED_1488293671_EXPIRED_1488291204_ttylinux03</string></value></param></params></methodCall>

'
    headers:
      User-Agent:
      - XMLRPC::Client (Ruby 2.3.3)
      Content-Type:
      - text/xml; charset=utf-8
      Content-Length:
      - '308'
      Connection:
      - close
      Accept-Encoding:
      - identity
      Accept:
      - "*/*"
  response:
    status:
      code: 200
      message: OK
    headers:
      Content-Type:
      - text/xml; charset=utf-8
      Content-Length:
      - '252'
      Connection:
      - close
      Date:
      - Tue, 28 Feb 2017 15:54:30 UTC
      Server:
      - Xmlrpc-c_Abyss/1.40.0
    body:
      encoding: UTF-8
      string: "<?xml version=\"1.0\" encoding=\"UTF-8\"?>\r\n<methodResponse>\r\n<params>\r\n<param><value><array><data>\r\n<value><boolean>1</boolean></value>\r\n<value><i4>18</i4></value>\r\n<value><i4>0</i4></value>\r\n</data></array></value></param>\r\n</params>\r\n</methodResponse>\r\n"
    http_version:
  recorded_at: Tue, 28 Feb 2017 14:54:31 GMT
- request:
    method: post
    uri: http://localhost:2633/RPC2
    body:
      encoding: UTF-8
      string: '<?xml version="1.0" ?><methodCall><methodName>one.image.update</methodName><params><param><value><string>oneadmin:opennebula</string></value></param><param><value><i4>18</i4></value></param><param><value><string>CLOUDKEEPER_EXPIRED
        = "yes"</string></value></param><param><value><i4>1</i4></value></param></params></methodCall>

'
    headers:
      User-Agent:
      - XMLRPC::Client (Ruby 2.3.3)
      Content-Type:
      - text/xml; charset=utf-8
      Content-Length:
      - '327'
      Connection:
      - close
      Accept-Encoding:
      - identity
      Accept:
      - "*/*"
  response:
    status:
      code: 200
      message: OK
    headers:
      Content-Type:
      - text/xml; charset=utf-8
      Content-Length:
      - '252'
      Connection:
      - close
      Date:
      - Tue, 28 Feb 2017 15:54:30 UTC
      Server:
      - Xmlrpc-c_Abyss/1.40.0
    body:
      encoding: UTF-8
      string: "<?xml version=\"1.0\" encoding=\"UTF-8\"?>\r\n<methodResponse>\r\n<params>\r\n<param><value><array><data>\r\n<value><boolean>1</boolean></value>\r\n<value><i4>18</i4></value>\r\n<value><i4>0</i4></value>\r\n</data></array></value></param>\r\n</params>\r\n</methodResponse>\r\n"
    http_version:
  recorded_at: Tue, 28 Feb 2017 14:54:31 GMT
- request:
    method: post
    uri: http://localhost:2633/RPC2
    body:
      encoding: UTF-8
      string: '<?xml version="1.0" ?><methodCall><methodName>one.image.info</methodName><params><param><value><string>oneadmin:opennebula</string></value></param><param><value><i4>18</i4></value></param></params></methodCall>

'
    headers:
      User-Agent:
      - XMLRPC::Client (Ruby 2.3.3)
      Content-Type:
      - text/xml; charset=utf-8
      Content-Length:
      - '211'
      Connection:
      - close
      Accept-Encoding:
      - identity
      Accept:
      - "*/*"
  response:
    status:
      code: 200
      message: OK
    headers:
      Content-Type:
      - text/xml; charset=utf-8
      Content-Length:
      - '2043'
      Connection:
      - close
      Date:
      - Tue, 28 Feb 2017 15:54:30 UTC
      Server:
      - Xmlrpc-c_Abyss/1.40.0
    body:
      encoding: UTF-8
      string: "<?xml version=\"1.0\" encoding=\"UTF-8\"?>\r\n<methodResponse>\r\n<params>\r\n<param><value><array><data>\r\n<value><boolean>1</boolean></value>\r\n<value><string>&lt;IMAGE&gt;&lt;ID&gt;18&lt;/ID&gt;&lt;UID&gt;0&lt;/UID&gt;&lt;GID&gt;0&lt;/GID&gt;&lt;UNAME&gt;oneadmin&lt;/UNAME&gt;&lt;GNAME&gt;oneadmin&lt;/GNAME&gt;&lt;NAME&gt;EXPIRED_1488293671_EXPIRED_1488291204_ttylinux03&lt;/NAME&gt;&lt;PERMISSIONS&gt;&lt;OWNER_U&gt;1&lt;/OWNER_U&gt;&lt;OWNER_M&gt;1&lt;/OWNER_M&gt;&lt;OWNER_A&gt;0&lt;/OWNER_A&gt;&lt;GROUP_U&gt;0&lt;/GROUP_U&gt;&lt;GROUP_M&gt;0&lt;/GROUP_M&gt;&lt;GROUP_A&gt;0&lt;/GROUP_A&gt;&lt;OTHER_U&gt;0&lt;/OTHER_U&gt;&lt;OTHER_M&gt;0&lt;/OTHER_M&gt;&lt;OTHER_A&gt;0&lt;/OTHER_A&gt;&lt;/PERMISSIONS&gt;&lt;TYPE&gt;0&lt;/TYPE&gt;&lt;DISK_TYPE&gt;0&lt;/DISK_TYPE&gt;&lt;PERSISTENT&gt;0&lt;/PERSISTENT&gt;&lt;REGTIME&gt;1488292949&lt;/REGTIME&gt;&lt;SOURCE&gt;&lt;![CDATA[/var/lib/one//datastores/1/b1518fce70946b87bc24050d01f261df]]&gt;&lt;/SOURCE&gt;&lt;PATH&gt;&lt;![CDATA[/var/lib/one//datastores/1/b86209767f8b1d938e5299a8fc9125b9]]&gt;&lt;/PATH&gt;&lt;FSTYPE&gt;&lt;![CDATA[raw]]&gt;&lt;/FSTYPE&gt;&lt;SIZE&gt;40&lt;/SIZE&gt;&lt;STATE&gt;3&lt;/STATE&gt;&lt;RUNNING_VMS&gt;0&lt;/RUNNING_VMS&gt;&lt;CLONING_OPS&gt;0&lt;/CLONING_OPS&gt;&lt;CLONING_ID&gt;-1&lt;/CLONING_ID&gt;&lt;TARGET_SNAPSHOT&gt;-1&lt;/TARGET_SNAPSHOT&gt;&lt;DATASTORE_ID&gt;1&lt;/DATASTORE_ID&gt;&lt;DATASTORE&gt;default&lt;/DATASTORE&gt;&lt;VMS&gt;&lt;/VMS&gt;&lt;CLONES&gt;&lt;/CLONES&gt;&lt;APP_CLONES&gt;&lt;/APP_CLONES&gt;&lt;TEMPLATE&gt;&lt;CLOUDKEEPER_APPLIANCE_ID&gt;&lt;![CDATA[qwerty123]]&gt;&lt;/CLOUDKEEPER_APPLIANCE_ID&gt;&lt;CLOUDKEEPER_EXPIRED&gt;&lt;![CDATA[yes]]&gt;&lt;/CLOUDKEEPER_EXPIRED&gt;&lt;CLOUDKEEPER_ID&gt;&lt;![CDATA[cloudkeeper-spec]]&gt;&lt;/CLOUDKEEPER_ID&gt;&lt;DEV_PREFIX&gt;&lt;![CDATA[hd]]&gt;&lt;/DEV_PREFIX&gt;&lt;FSTYPE&gt;&lt;![CDATA[raw]]&gt;&lt;/FSTYPE&gt;&lt;/TEMPLATE&gt;&lt;SNAPSHOTS&gt;&lt;/SNAPSHOTS&gt;&lt;/IMAGE&gt;</string></value>\r\n<value><i4>0</i4></value>\r\n</data></array></value></param>\r\n</params>\r\n</methodResponse>\r\n"
    http_version:
  recorded_at: Tue, 28 Feb 2017 14:54:31 GMT
- request:
    method: post
    uri: http://localhost:2633/RPC2
    body:
      encoding: UTF-8
      string: '<?xml version="1.0" ?><methodCall><methodName>one.image.delete</methodName><params><param><value><string>oneadmin:opennebula</string></value></param><param><value><i4>18</i4></value></param></params></methodCall>

'
    headers:
      User-Agent:
      - XMLRPC::Client (Ruby 2.3.3)
      Content-Type:
      - text/xml; charset=utf-8
      Content-Length:
      - '213'
      Connection:
      - close
      Accept-Encoding:
      - identity
      Accept:
      - "*/*"
  response:
    status:
      code: 200
      message: OK
    headers:
      Content-Type:
      - text/xml; charset=utf-8
      Content-Length:
      - '252'
      Connection:
      - close
      Date:
      - Tue, 28 Feb 2017 15:54:30 UTC
      Server:
      - Xmlrpc-c_Abyss/1.40.0
    body:
      encoding: UTF-8
      string: "<?xml version=\"1.0\" encoding=\"UTF-8\"?>\r\n<methodResponse>\r\n<params>\r\n<param><value><array><data>\r\n<value><boolean>1</boolean></value>\r\n<value><i4>18</i4></value>\r\n<value><i4>0</i4></value>\r\n</data></array></value></param>\r\n</params>\r\n</methodResponse>\r\n"
    http_version:
  recorded_at: Tue, 28 Feb 2017 14:54:31 GMT
- request:
    method: post
    uri: http://localhost:2633/RPC2
    body:
      encoding: UTF-8
      string: '<?xml version="1.0" ?><methodCall><methodName>one.imagepool.info</methodName><params><param><value><string>oneadmin:opennebula</string></value></param><param><value><i4>-2</i4></value></param><param><value><i4>-1</i4></value></param><param><value><i4>-1</i4></value></param></params></methodCall>

'
    headers:
      User-Agent:
      - XMLRPC::Client (Ruby 2.3.3)
      Content-Type:
      - text/xml; charset=utf-8
      Content-Length:
      - '297'
      Connection:
      - close
      Accept-Encoding:
      - identity
      Accept:
      - "*/*"
  response:
    status:
      code: 200
      message: OK
    headers:
      Content-Type:
      - text/xml; charset=utf-8
      Content-Length:
      - '5315'
      Connection:
      - close
      Date:
      - Tue, 28 Feb 2017 15:54:35 UTC
      Server:
      - Xmlrpc-c_Abyss/1.40.0
    body:
      encoding: UTF-8
      string: "<?xml version=\"1.0\" encoding=\"UTF-8\"?>\r\n<methodResponse>\r\n<params>\r\n<param><value><array><data>\r\n<value><boolean>1</boolean></value>\r\n<value><string>&lt;IMAGE_POOL&gt;&lt;IMAGE&gt;&lt;ID&gt;16&lt;/ID&gt;&lt;UID&gt;0&lt;/UID&gt;&lt;GID&gt;0&lt;/GID&gt;&lt;UNAME&gt;oneadmin&lt;/UNAME&gt;&lt;GNAME&gt;oneadmin&lt;/GNAME&gt;&lt;NAME&gt;ttylinux01&lt;/NAME&gt;&lt;PERMISSIONS&gt;&lt;OWNER_U&gt;1&lt;/OWNER_U&gt;&lt;OWNER_M&gt;1&lt;/OWNER_M&gt;&lt;OWNER_A&gt;0&lt;/OWNER_A&gt;&lt;GROUP_U&gt;0&lt;/GROUP_U&gt;&lt;GROUP_M&gt;0&lt;/GROUP_M&gt;&lt;GROUP_A&gt;0&lt;/GROUP_A&gt;&lt;OTHER_U&gt;0&lt;/OTHER_U&gt;&lt;OTHER_M&gt;0&lt;/OTHER_M&gt;&lt;OTHER_A&gt;0&lt;/OTHER_A&gt;&lt;/PERMISSIONS&gt;&lt;TYPE&gt;0&lt;/TYPE&gt;&lt;DISK_TYPE&gt;0&lt;/DISK_TYPE&gt;&lt;PERSISTENT&gt;0&lt;/PERSISTENT&gt;&lt;REGTIME&gt;1488292934&lt;/REGTIME&gt;&lt;SOURCE&gt;&lt;![CDATA[/var/lib/one//datastores/1/a270b5c38ca639395ff667331fc14f7c]]&gt;&lt;/SOURCE&gt;&lt;PATH&gt;&lt;![CDATA[/var/lib/one//datastores/1/b86209767f8b1d938e5299a8fc9125b9]]&gt;&lt;/PATH&gt;&lt;FSTYPE&gt;&lt;![CDATA[raw]]&gt;&lt;/FSTYPE&gt;&lt;SIZE&gt;40&lt;/SIZE&gt;&lt;STATE&gt;1&lt;/STATE&gt;&lt;RUNNING_VMS&gt;0&lt;/RUNNING_VMS&gt;&lt;CLONING_OPS&gt;0&lt;/CLONING_OPS&gt;&lt;CLONING_ID&gt;-1&lt;/CLONING_ID&gt;&lt;TARGET_SNAPSHOT&gt;-1&lt;/TARGET_SNAPSHOT&gt;&lt;DATASTORE_ID&gt;1&lt;/DATASTORE_ID&gt;&lt;DATASTORE&gt;default&lt;/DATASTORE&gt;&lt;VMS&gt;&lt;/VMS&gt;&lt;CLONES&gt;&lt;/CLONES&gt;&lt;APP_CLONES&gt;&lt;/APP_CLONES&gt;&lt;TEMPLATE&gt;&lt;CLOUDKEEPER_APPLIANCE_ID&gt;&lt;![CDATA[111]]&gt;&lt;/CLOUDKEEPER_APPLIANCE_ID&gt;&lt;CLOUDKEEPER_ID&gt;&lt;![CDATA[cloudkeeper-spec]]&gt;&lt;/CLOUDKEEPER_ID&gt;&lt;DEV_PREFIX&gt;&lt;![CDATA[hd]]&gt;&lt;/DEV_PREFIX&gt;&lt;FSTYPE&gt;&lt;![CDATA[raw]]&gt;&lt;/FSTYPE&gt;&lt;/TEMPLATE&gt;&lt;SNAPSHOTS&gt;&lt;/SNAPSHOTS&gt;&lt;/IMAGE&gt;&lt;IMAGE&gt;&lt;ID&gt;21&lt;/ID&gt;&lt;UID&gt;0&lt;/UID&gt;&lt;GID&gt;0&lt;/GID&gt;&lt;UNAME&gt;oneadmin&lt;/UNAME&gt;&lt;GNAME&gt;oneadmin&lt;/GNAME&gt;&lt;NAME&gt;EXPIRED_1488291204_ttylinux06&lt;/NAME&gt;&lt;PERMISSIONS&gt;&lt;OWNER_U&gt;1&lt;/OWNER_U&gt;&lt;OWNER_M&gt;1&lt;/OWNER_M&gt;&lt;OWNER_A&gt;0&lt;/OWNER_A&gt;&lt;GROUP_U&gt;0&lt;/GROUP_U&gt;&lt;GROUP_M&gt;0&lt;/GROUP_M&gt;&lt;GROUP_A&gt;0&lt;/GROUP_A&gt;&lt;OTHER_U&gt;0&lt;/OTHER_U&gt;&lt;OTHER_M&gt;0&lt;/OTHER_M&gt;&lt;OTHER_A&gt;0&lt;/OTHER_A&gt;&lt;/PERMISSIONS&gt;&lt;TYPE&gt;0&lt;/TYPE&gt;&lt;DISK_TYPE&gt;0&lt;/DISK_TYPE&gt;&lt;PERSISTENT&gt;0&lt;/PERSISTENT&gt;&lt;REGTIME&gt;1488292970&lt;/REGTIME&gt;&lt;SOURCE&gt;&lt;![CDATA[/var/lib/one//datastores/1/95f38eff8ae3dbcfd486487e77df64a4]]&gt;&lt;/SOURCE&gt;&lt;PATH&gt;&lt;![CDATA[/var/lib/one//datastores/1/b86209767f8b1d938e5299a8fc9125b9]]&gt;&lt;/PATH&gt;&lt;FSTYPE&gt;&lt;![CDATA[raw]]&gt;&lt;/FSTYPE&gt;&lt;SIZE&gt;40&lt;/SIZE&gt;&lt;STATE&gt;1&lt;/STATE&gt;&lt;RUNNING_VMS&gt;0&lt;/RUNNING_VMS&gt;&lt;CLONING_OPS&gt;0&lt;/CLONING_OPS&gt;&lt;CLONING_ID&gt;-1&lt;/CLONING_ID&gt;&lt;TARGET_SNAPSHOT&gt;-1&lt;/TARGET_SNAPSHOT&gt;&lt;DATASTORE_ID&gt;1&lt;/DATASTORE_ID&gt;&lt;DATASTORE&gt;default&lt;/DATASTORE&gt;&lt;VMS&gt;&lt;/VMS&gt;&lt;CLONES&gt;&lt;/CLONES&gt;&lt;APP_CLONES&gt;&lt;/APP_CLONES&gt;&lt;TEMPLATE&gt;&lt;CLOUDKEEPER_APPLIANCE_ID&gt;&lt;![CDATA[qwerty123]]&gt;&lt;/CLOUDKEEPER_APPLIANCE_ID&gt;&lt;CLOUDKEEPER_ID&gt;&lt;![CDATA[cloudkeeper-spec]]&gt;&lt;/CLOUDKEEPER_ID&gt;&lt;DEV_PREFIX&gt;&lt;![CDATA[hd]]&gt;&lt;/DEV_PREFIX&gt;&lt;FSTYPE&gt;&lt;![CDATA[raw]]&gt;&lt;/FSTYPE&gt;&lt;/TEMPLATE&gt;&lt;SNAPSHOTS&gt;&lt;/SNAPSHOTS&gt;&lt;/IMAGE&gt;&lt;IMAGE&gt;&lt;ID&gt;22&lt;/ID&gt;&lt;UID&gt;0&lt;/UID&gt;&lt;GID&gt;0&lt;/GID&gt;&lt;UNAME&gt;oneadmin&lt;/UNAME&gt;&lt;GNAME&gt;oneadmin&lt;/GNAME&gt;&lt;NAME&gt;ttylinux07&lt;/NAME&gt;&lt;PERMISSIONS&gt;&lt;OWNER_U&gt;1&lt;/OWNER_U&gt;&lt;OWNER_M&gt;1&lt;/OWNER_M&gt;&lt;OWNER_A&gt;0&lt;/OWNER_A&gt;&lt;GROUP_U&gt;0&lt;/GROUP_U&gt;&lt;GROUP_M&gt;0&lt;/GROUP_M&gt;&lt;GROUP_A&gt;0&lt;/GROUP_A&gt;&lt;OTHER_U&gt;0&lt;/OTHER_U&gt;&lt;OTHER_M&gt;0&lt;/OTHER_M&gt;&lt;OTHER_A&gt;0&lt;/OTHER_A&gt;&lt;/PERMISSIONS&gt;&lt;TYPE&gt;0&lt;/TYPE&gt;&lt;DISK_TYPE&gt;0&lt;/DISK_TYPE&gt;&lt;PERSISTENT&gt;0&lt;/PERSISTENT&gt;&lt;REGTIME&gt;1488292976&lt;/REGTIME&gt;&lt;SOURCE&gt;&lt;![CDATA[/var/lib/one//datastores/1/8b2584d280f7c33a10094db93521a0ce]]&gt;&lt;/SOURCE&gt;&lt;PATH&gt;&lt;![CDATA[/var/lib/one//datastores/1/b86209767f8b1d938e5299a8fc9125b9]]&gt;&lt;/PATH&gt;&lt;FSTYPE&gt;&lt;![CDATA[raw]]&gt;&lt;/FSTYPE&gt;&lt;SIZE&gt;40&lt;/SIZE&gt;&lt;STATE&gt;1&lt;/STATE&gt;&lt;RUNNING_VMS&gt;0&lt;/RUNNING_VMS&gt;&lt;CLONING_OPS&gt;0&lt;/CLONING_OPS&gt;&lt;CLONING_ID&gt;-1&lt;/CLONING_ID&gt;&lt;TARGET_SNAPSHOT&gt;-1&lt;/TARGET_SNAPSHOT&gt;&lt;DATASTORE_ID&gt;1&lt;/DATASTORE_ID&gt;&lt;DATASTORE&gt;default&lt;/DATASTORE&gt;&lt;VMS&gt;&lt;/VMS&gt;&lt;CLONES&gt;&lt;/CLONES&gt;&lt;APP_CLONES&gt;&lt;/APP_CLONES&gt;&lt;TEMPLATE&gt;&lt;CLOUDKEEPER_APPLIANCE_ID&gt;&lt;![CDATA[777]]&gt;&lt;/CLOUDKEEPER_APPLIANCE_ID&gt;&lt;CLOUDKEEPER_ID&gt;&lt;![CDATA[cloudkeeper-spec]]&gt;&lt;/CLOUDKEEPER_ID&gt;&lt;DEV_PREFIX&gt;&lt;![CDATA[hd]]&gt;&lt;/DEV_PREFIX&gt;&lt;FSTYPE&gt;&lt;![CDATA[raw]]&gt;&lt;/FSTYPE&gt;&lt;/TEMPLATE&gt;&lt;SNAPSHOTS&gt;&lt;/SNAPSHOTS&gt;&lt;/IMAGE&gt;&lt;/IMAGE_POOL&gt;</string></value>\r\n<value><i4>0</i4></value>\r\n</data></array></value></param>\r\n</params>\r\n</methodResponse>\r\n"
    http_version:
  recorded_at: Tue, 28 Feb 2017 14:54:36 GMT
- request:
    method: post
    uri: http://localhost:2633/RPC2
    body:
      encoding: UTF-8
      string: '<?xml version="1.0" ?><methodCall><methodName>one.image.info</methodName><params><param><value><string>oneadmin:opennebula</string></value></param><param><value><i4>21</i4></value></param></params></methodCall>

'
    headers:
      User-Agent:
      - XMLRPC::Client (Ruby 2.3.3)
      Content-Type:
      - text/xml; charset=utf-8
      Content-Length:
      - '211'
      Connection:
      - close
      Accept-Encoding:
      - identity
      Accept:
      - "*/*"
  response:
    status:
      code: 200
      message: OK
    headers:
      Content-Type:
      - text/xml; charset=utf-8
      Content-Length:
      - '1948'
      Connection:
      - close
      Date:
      - Tue, 28 Feb 2017 15:54:35 UTC
      Server:
      - Xmlrpc-c_Abyss/1.40.0
    body:
      encoding: UTF-8
      string: "<?xml version=\"1.0\" encoding=\"UTF-8\"?>\r\n<methodResponse>\r\n<params>\r\n<param><value><array><data>\r\n<value><boolean>1</boolean></value>\r\n<value><string>&lt;IMAGE&gt;&lt;ID&gt;21&lt;/ID&gt;&lt;UID&gt;0&lt;/UID&gt;&lt;GID&gt;0&lt;/GID&gt;&lt;UNAME&gt;oneadmin&lt;/UNAME&gt;&lt;GNAME&gt;oneadmin&lt;/GNAME&gt;&lt;NAME&gt;EXPIRED_1488291204_ttylinux06&lt;/NAME&gt;&lt;PERMISSIONS&gt;&lt;OWNER_U&gt;1&lt;/OWNER_U&gt;&lt;OWNER_M&gt;1&lt;/OWNER_M&gt;&lt;OWNER_A&gt;0&lt;/OWNER_A&gt;&lt;GROUP_U&gt;0&lt;/GROUP_U&gt;&lt;GROUP_M&gt;0&lt;/GROUP_M&gt;&lt;GROUP_A&gt;0&lt;/GROUP_A&gt;&lt;OTHER_U&gt;0&lt;/OTHER_U&gt;&lt;OTHER_M&gt;0&lt;/OTHER_M&gt;&lt;OTHER_A&gt;0&lt;/OTHER_A&gt;&lt;/PERMISSIONS&gt;&lt;TYPE&gt;0&lt;/TYPE&gt;&lt;DISK_TYPE&gt;0&lt;/DISK_TYPE&gt;&lt;PERSISTENT&gt;0&lt;/PERSISTENT&gt;&lt;REGTIME&gt;1488292970&lt;/REGTIME&gt;&lt;SOURCE&gt;&lt;![CDATA[/var/lib/one//datastores/1/95f38eff8ae3dbcfd486487e77df64a4]]&gt;&lt;/SOURCE&gt;&lt;PATH&gt;&lt;![CDATA[/var/lib/one//datastores/1/b86209767f8b1d938e5299a8fc9125b9]]&gt;&lt;/PATH&gt;&lt;FSTYPE&gt;&lt;![CDATA[raw]]&gt;&lt;/FSTYPE&gt;&lt;SIZE&gt;40&lt;/SIZE&gt;&lt;STATE&gt;1&lt;/STATE&gt;&lt;RUNNING_VMS&gt;0&lt;/RUNNING_VMS&gt;&lt;CLONING_OPS&gt;0&lt;/CLONING_OPS&gt;&lt;CLONING_ID&gt;-1&lt;/CLONING_ID&gt;&lt;TARGET_SNAPSHOT&gt;-1&lt;/TARGET_SNAPSHOT&gt;&lt;DATASTORE_ID&gt;1&lt;/DATASTORE_ID&gt;&lt;DATASTORE&gt;default&lt;/DATASTORE&gt;&lt;VMS&gt;&lt;/VMS&gt;&lt;CLONES&gt;&lt;/CLONES&gt;&lt;APP_CLONES&gt;&lt;/APP_CLONES&gt;&lt;TEMPLATE&gt;&lt;CLOUDKEEPER_APPLIANCE_ID&gt;&lt;![CDATA[qwerty123]]&gt;&lt;/CLOUDKEEPER_APPLIANCE_ID&gt;&lt;CLOUDKEEPER_ID&gt;&lt;![CDATA[cloudkeeper-spec]]&gt;&lt;/CLOUDKEEPER_ID&gt;&lt;DEV_PREFIX&gt;&lt;![CDATA[hd]]&gt;&lt;/DEV_PREFIX&gt;&lt;FSTYPE&gt;&lt;![CDATA[raw]]&gt;&lt;/FSTYPE&gt;&lt;/TEMPLATE&gt;&lt;SNAPSHOTS&gt;&lt;/SNAPSHOTS&gt;&lt;/IMAGE&gt;</string></value>\r\n<value><i4>0</i4></value>\r\n</data></array></value></param>\r\n</params>\r\n</methodResponse>\r\n"
    http_version:
  recorded_at: Tue, 28 Feb 2017 14:54:37 GMT
- request:
    method: post
    uri: http://localhost:2633/RPC2
    body:
      encoding: UTF-8
      string: '<?xml version="1.0" ?><methodCall><methodName>one.image.chmod</methodName><params><param><value><string>oneadmin:opennebula</string></value></param><param><value><i4>21</i4></value></param><param><value><i4>1</i4></value></param><param><value><i4>1</i4></value></param><param><value><i4>0</i4></value></param><param><value><i4>0</i4></value></param><param><value><i4>0</i4></value></param><param><value><i4>0</i4></value></param><param><value><i4>0</i4></value></param><param><value><i4>0</i4></value></param><param><value><i4>0</i4></value></param></params></methodCall>

'
    headers:
      User-Agent:
      - XMLRPC::Client (Ruby 2.3.3)
      Content-Type:
      - text/xml; charset=utf-8
      Content-Length:
      - '572'
      Connection:
      - close
      Accept-Encoding:
      - identity
      Accept:
      - "*/*"
  response:
    status:
      code: 200
      message: OK
    headers:
      Content-Type:
      - text/xml; charset=utf-8
      Content-Length:
      - '252'
      Connection:
      - close
      Date:
      - Tue, 28 Feb 2017 15:54:36 UTC
      Server:
      - Xmlrpc-c_Abyss/1.40.0
    body:
      encoding: UTF-8
      string: "<?xml version=\"1.0\" encoding=\"UTF-8\"?>\r\n<methodResponse>\r\n<params>\r\n<param><value><array><data>\r\n<value><boolean>1</boolean></value>\r\n<value><i4>21</i4></value>\r\n<value><i4>0</i4></value>\r\n</data></array></value></param>\r\n</params>\r\n</methodResponse>\r\n"
    http_version:
  recorded_at: Tue, 28 Feb 2017 14:54:37 GMT
- request:
    method: post
    uri: http://localhost:2633/RPC2
    body:
      encoding: UTF-8
      string: '<?xml version="1.0" ?><methodCall><methodName>one.image.info</methodName><params><param><value><string>oneadmin:opennebula</string></value></param><param><value><i4>21</i4></value></param></params></methodCall>

'
    headers:
      User-Agent:
      - XMLRPC::Client (Ruby 2.3.3)
      Content-Type:
      - text/xml; charset=utf-8
      Content-Length:
      - '211'
      Connection:
      - close
      Accept-Encoding:
      - identity
      Accept:
      - "*/*"
  response:
    status:
      code: 200
      message: OK
    headers:
      Content-Type:
      - text/xml; charset=utf-8
      Content-Length:
      - '1948'
      Connection:
      - close
      Date:
      - Tue, 28 Feb 2017 15:54:36 UTC
      Server:
      - Xmlrpc-c_Abyss/1.40.0
    body:
      encoding: UTF-8
      string: "<?xml version=\"1.0\" encoding=\"UTF-8\"?>\r\n<methodResponse>\r\n<params>\r\n<param><value><array><data>\r\n<value><boolean>1</boolean></value>\r\n<value><string>&lt;IMAGE&gt;&lt;ID&gt;21&lt;/ID&gt;&lt;UID&gt;0&lt;/UID&gt;&lt;GID&gt;0&lt;/GID&gt;&lt;UNAME&gt;oneadmin&lt;/UNAME&gt;&lt;GNAME&gt;oneadmin&lt;/GNAME&gt;&lt;NAME&gt;EXPIRED_1488291204_ttylinux06&lt;/NAME&gt;&lt;PERMISSIONS&gt;&lt;OWNER_U&gt;1&lt;/OWNER_U&gt;&lt;OWNER_M&gt;1&lt;/OWNER_M&gt;&lt;OWNER_A&gt;0&lt;/OWNER_A&gt;&lt;GROUP_U&gt;0&lt;/GROUP_U&gt;&lt;GROUP_M&gt;0&lt;/GROUP_M&gt;&lt;GROUP_A&gt;0&lt;/GROUP_A&gt;&lt;OTHER_U&gt;0&lt;/OTHER_U&gt;&lt;OTHER_M&gt;0&lt;/OTHER_M&gt;&lt;OTHER_A&gt;0&lt;/OTHER_A&gt;&lt;/PERMISSIONS&gt;&lt;TYPE&gt;0&lt;/TYPE&gt;&lt;DISK_TYPE&gt;0&lt;/DISK_TYPE&gt;&lt;PERSISTENT&gt;0&lt;/PERSISTENT&gt;&lt;REGTIME&gt;1488292970&lt;/REGTIME&gt;&lt;SOURCE&gt;&lt;![CDATA[/var/lib/one//datastores/1/95f38eff8ae3dbcfd486487e77df64a4]]&gt;&lt;/SOURCE&gt;&lt;PATH&gt;&lt;![CDATA[/var/lib/one//datastores/1/b86209767f8b1d938e5299a8fc9125b9]]&gt;&lt;/PATH&gt;&lt;FSTYPE&gt;&lt;![CDATA[raw]]&gt;&lt;/FSTYPE&gt;&lt;SIZE&gt;40&lt;/SIZE&gt;&lt;STATE&gt;1&lt;/STATE&gt;&lt;RUNNING_VMS&gt;0&lt;/RUNNING_VMS&gt;&lt;CLONING_OPS&gt;0&lt;/CLONING_OPS&gt;&lt;CLONING_ID&gt;-1&lt;/CLONING_ID&gt;&lt;TARGET_SNAPSHOT&gt;-1&lt;/TARGET_SNAPSHOT&gt;&lt;DATASTORE_ID&gt;1&lt;/DATASTORE_ID&gt;&lt;DATASTORE&gt;default&lt;/DATASTORE&gt;&lt;VMS&gt;&lt;/VMS&gt;&lt;CLONES&gt;&lt;/CLONES&gt;&lt;APP_CLONES&gt;&lt;/APP_CLONES&gt;&lt;TEMPLATE&gt;&lt;CLOUDKEEPER_APPLIANCE_ID&gt;&lt;![CDATA[qwerty123]]&gt;&lt;/CLOUDKEEPER_APPLIANCE_ID&gt;&lt;CLOUDKEEPER_ID&gt;&lt;![CDATA[cloudkeeper-spec]]&gt;&lt;/CLOUDKEEPER_ID&gt;&lt;DEV_PREFIX&gt;&lt;![CDATA[hd]]&gt;&lt;/DEV_PREFIX&gt;&lt;FSTYPE&gt;&lt;![CDATA[raw]]&gt;&lt;/FSTYPE&gt;&lt;/TEMPLATE&gt;&lt;SNAPSHOTS&gt;&lt;/SNAPSHOTS&gt;&lt;/IMAGE&gt;</string></value>\r\n<value><i4>0</i4></value>\r\n</data></array></value></param>\r\n</params>\r\n</methodResponse>\r\n"
    http_version:
  recorded_at: Tue, 28 Feb 2017 14:54:37 GMT
- request:
    method: post
    uri: http://localhost:2633/RPC2
    body:
      encoding: UTF-8
      string: '<?xml version="1.0" ?><methodCall><methodName>one.image.info</methodName><params><param><value><string>oneadmin:opennebula</string></value></param><param><value><i4>21</i4></value></param></params></methodCall>

'
    headers:
      User-Agent:
      - XMLRPC::Client (Ruby 2.3.3)
      Content-Type:
      - text/xml; charset=utf-8
      Content-Length:
      - '211'
      Connection:
      - close
      Accept-Encoding:
      - identity
      Accept:
      - "*/*"
  response:
    status:
      code: 200
      message: OK
    headers:
      Content-Type:
      - text/xml; charset=utf-8
      Content-Length:
      - '1948'
      Connection:
      - close
      Date:
      - Tue, 28 Feb 2017 15:54:36 UTC
      Server:
      - Xmlrpc-c_Abyss/1.40.0
    body:
      encoding: UTF-8
      string: "<?xml version=\"1.0\" encoding=\"UTF-8\"?>\r\n<methodResponse>\r\n<params>\r\n<param><value><array><data>\r\n<value><boolean>1</boolean></value>\r\n<value><string>&lt;IMAGE&gt;&lt;ID&gt;21&lt;/ID&gt;&lt;UID&gt;0&lt;/UID&gt;&lt;GID&gt;0&lt;/GID&gt;&lt;UNAME&gt;oneadmin&lt;/UNAME&gt;&lt;GNAME&gt;oneadmin&lt;/GNAME&gt;&lt;NAME&gt;EXPIRED_1488291204_ttylinux06&lt;/NAME&gt;&lt;PERMISSIONS&gt;&lt;OWNER_U&gt;1&lt;/OWNER_U&gt;&lt;OWNER_M&gt;1&lt;/OWNER_M&gt;&lt;OWNER_A&gt;0&lt;/OWNER_A&gt;&lt;GROUP_U&gt;0&lt;/GROUP_U&gt;&lt;GROUP_M&gt;0&lt;/GROUP_M&gt;&lt;GROUP_A&gt;0&lt;/GROUP_A&gt;&lt;OTHER_U&gt;0&lt;/OTHER_U&gt;&lt;OTHER_M&gt;0&lt;/OTHER_M&gt;&lt;OTHER_A&gt;0&lt;/OTHER_A&gt;&lt;/PERMISSIONS&gt;&lt;TYPE&gt;0&lt;/TYPE&gt;&lt;DISK_TYPE&gt;0&lt;/DISK_TYPE&gt;&lt;PERSISTENT&gt;0&lt;/PERSISTENT&gt;&lt;REGTIME&gt;1488292970&lt;/REGTIME&gt;&lt;SOURCE&gt;&lt;![CDATA[/var/lib/one//datastores/1/95f38eff8ae3dbcfd486487e77df64a4]]&gt;&lt;/SOURCE&gt;&lt;PATH&gt;&lt;![CDATA[/var/lib/one//datastores/1/b86209767f8b1d938e5299a8fc9125b9]]&gt;&lt;/PATH&gt;&lt;FSTYPE&gt;&lt;![CDATA[raw]]&gt;&lt;/FSTYPE&gt;&lt;SIZE&gt;40&lt;/SIZE&gt;&lt;STATE&gt;1&lt;/STATE&gt;&lt;RUNNING_VMS&gt;0&lt;/RUNNING_VMS&gt;&lt;CLONING_OPS&gt;0&lt;/CLONING_OPS&gt;&lt;CLONING_ID&gt;-1&lt;/CLONING_ID&gt;&lt;TARGET_SNAPSHOT&gt;-1&lt;/TARGET_SNAPSHOT&gt;&lt;DATASTORE_ID&gt;1&lt;/DATASTORE_ID&gt;&lt;DATASTORE&gt;default&lt;/DATASTORE&gt;&lt;VMS&gt;&lt;/VMS&gt;&lt;CLONES&gt;&lt;/CLONES&gt;&lt;APP_CLONES&gt;&lt;/APP_CLONES&gt;&lt;TEMPLATE&gt;&lt;CLOUDKEEPER_APPLIANCE_ID&gt;&lt;![CDATA[qwerty123]]&gt;&lt;/CLOUDKEEPER_APPLIANCE_ID&gt;&lt;CLOUDKEEPER_ID&gt;&lt;![CDATA[cloudkeeper-spec]]&gt;&lt;/CLOUDKEEPER_ID&gt;&lt;DEV_PREFIX&gt;&lt;![CDATA[hd]]&gt;&lt;/DEV_PREFIX&gt;&lt;FSTYPE&gt;&lt;![CDATA[raw]]&gt;&lt;/FSTYPE&gt;&lt;/TEMPLATE&gt;&lt;SNAPSHOTS&gt;&lt;/SNAPSHOTS&gt;&lt;/IMAGE&gt;</string></value>\r\n<value><i4>0</i4></value>\r\n</data></array></value></param>\r\n</params>\r\n</methodResponse>\r\n"
    http_version:
  recorded_at: Tue, 28 Feb 2017 14:54:37 GMT
- request:
    method: post
    uri: http://localhost:2633/RPC2
    body:
      encoding: UTF-8
      string: '<?xml version="1.0" ?><methodCall><methodName>one.image.info</methodName><params><param><value><string>oneadmin:opennebula</string></value></param><param><value><i4>21</i4></value></param></params></methodCall>

'
    headers:
      User-Agent:
      - XMLRPC::Client (Ruby 2.3.3)
      Content-Type:
      - text/xml; charset=utf-8
      Content-Length:
      - '211'
      Connection:
      - close
      Accept-Encoding:
      - identity
      Accept:
      - "*/*"
  response:
    status:
      code: 200
      message: OK
    headers:
      Content-Type:
      - text/xml; charset=utf-8
      Content-Length:
      - '1948'
      Connection:
      - close
      Date:
      - Tue, 28 Feb 2017 15:54:36 UTC
      Server:
      - Xmlrpc-c_Abyss/1.40.0
    body:
      encoding: UTF-8
      string: "<?xml version=\"1.0\" encoding=\"UTF-8\"?>\r\n<methodResponse>\r\n<params>\r\n<param><value><array><data>\r\n<value><boolean>1</boolean></value>\r\n<value><string>&lt;IMAGE&gt;&lt;ID&gt;21&lt;/ID&gt;&lt;UID&gt;0&lt;/UID&gt;&lt;GID&gt;0&lt;/GID&gt;&lt;UNAME&gt;oneadmin&lt;/UNAME&gt;&lt;GNAME&gt;oneadmin&lt;/GNAME&gt;&lt;NAME&gt;EXPIRED_1488291204_ttylinux06&lt;/NAME&gt;&lt;PERMISSIONS&gt;&lt;OWNER_U&gt;1&lt;/OWNER_U&gt;&lt;OWNER_M&gt;1&lt;/OWNER_M&gt;&lt;OWNER_A&gt;0&lt;/OWNER_A&gt;&lt;GROUP_U&gt;0&lt;/GROUP_U&gt;&lt;GROUP_M&gt;0&lt;/GROUP_M&gt;&lt;GROUP_A&gt;0&lt;/GROUP_A&gt;&lt;OTHER_U&gt;0&lt;/OTHER_U&gt;&lt;OTHER_M&gt;0&lt;/OTHER_M&gt;&lt;OTHER_A&gt;0&lt;/OTHER_A&gt;&lt;/PERMISSIONS&gt;&lt;TYPE&gt;0&lt;/TYPE&gt;&lt;DISK_TYPE&gt;0&lt;/DISK_TYPE&gt;&lt;PERSISTENT&gt;0&lt;/PERSISTENT&gt;&lt;REGTIME&gt;1488292970&lt;/REGTIME&gt;&lt;SOURCE&gt;&lt;![CDATA[/var/lib/one//datastores/1/95f38eff8ae3dbcfd486487e77df64a4]]&gt;&lt;/SOURCE&gt;&lt;PATH&gt;&lt;![CDATA[/var/lib/one//datastores/1/b86209767f8b1d938e5299a8fc9125b9]]&gt;&lt;/PATH&gt;&lt;FSTYPE&gt;&lt;![CDATA[raw]]&gt;&lt;/FSTYPE&gt;&lt;SIZE&gt;40&lt;/SIZE&gt;&lt;STATE&gt;1&lt;/STATE&gt;&lt;RUNNING_VMS&gt;0&lt;/RUNNING_VMS&gt;&lt;CLONING_OPS&gt;0&lt;/CLONING_OPS&gt;&lt;CLONING_ID&gt;-1&lt;/CLONING_ID&gt;&lt;TARGET_SNAPSHOT&gt;-1&lt;/TARGET_SNAPSHOT&gt;&lt;DATASTORE_ID&gt;1&lt;/DATASTORE_ID&gt;&lt;DATASTORE&gt;default&lt;/DATASTORE&gt;&lt;VMS&gt;&lt;/VMS&gt;&lt;CLONES&gt;&lt;/CLONES&gt;&lt;APP_CLONES&gt;&lt;/APP_CLONES&gt;&lt;TEMPLATE&gt;&lt;CLOUDKEEPER_APPLIANCE_ID&gt;&lt;![CDATA[qwerty123]]&gt;&lt;/CLOUDKEEPER_APPLIANCE_ID&gt;&lt;CLOUDKEEPER_ID&gt;&lt;![CDATA[cloudkeeper-spec]]&gt;&lt;/CLOUDKEEPER_ID&gt;&lt;DEV_PREFIX&gt;&lt;![CDATA[hd]]&gt;&lt;/DEV_PREFIX&gt;&lt;FSTYPE&gt;&lt;![CDATA[raw]]&gt;&lt;/FSTYPE&gt;&lt;/TEMPLATE&gt;&lt;SNAPSHOTS&gt;&lt;/SNAPSHOTS&gt;&lt;/IMAGE&gt;</string></value>\r\n<value><i4>0</i4></value>\r\n</data></array></value></param>\r\n</params>\r\n</methodResponse>\r\n"
    http_version:
  recorded_at: Tue, 28 Feb 2017 14:54:37 GMT
- request:
    method: post
    uri: http://localhost:2633/RPC2
    body:
      encoding: UTF-8
      string: '<?xml version="1.0" ?><methodCall><methodName>one.image.enable</methodName><params><param><value><string>oneadmin:opennebula</string></value></param><param><value><i4>21</i4></value></param><param><value><boolean>0</boolean></value></param></params></methodCall>

'
    headers:
      User-Agent:
      - XMLRPC::Client (Ruby 2.3.3)
      Content-Type:
      - text/xml; charset=utf-8
      Content-Length:
      - '263'
      Connection:
      - close
      Accept-Encoding:
      - identity
      Accept:
      - "*/*"
  response:
    status:
      code: 200
      message: OK
    headers:
      Content-Type:
      - text/xml; charset=utf-8
      Content-Length:
      - '252'
      Connection:
      - close
      Date:
      - Tue, 28 Feb 2017 15:54:36 UTC
      Server:
      - Xmlrpc-c_Abyss/1.40.0
    body:
      encoding: UTF-8
      string: "<?xml version=\"1.0\" encoding=\"UTF-8\"?>\r\n<methodResponse>\r\n<params>\r\n<param><value><array><data>\r\n<value><boolean>1</boolean></value>\r\n<value><i4>21</i4></value>\r\n<value><i4>0</i4></value>\r\n</data></array></value></param>\r\n</params>\r\n</methodResponse>\r\n"
    http_version:
  recorded_at: Tue, 28 Feb 2017 14:54:37 GMT
- request:
    method: post
    uri: http://localhost:2633/RPC2
    body:
      encoding: UTF-8
      string: '<?xml version="1.0" ?><methodCall><methodName>one.image.info</methodName><params><param><value><string>oneadmin:opennebula</string></value></param><param><value><i4>21</i4></value></param></params></methodCall>

'
    headers:
      User-Agent:
      - XMLRPC::Client (Ruby 2.3.3)
      Content-Type:
      - text/xml; charset=utf-8
      Content-Length:
      - '211'
      Connection:
      - close
      Accept-Encoding:
      - identity
      Accept:
      - "*/*"
  response:
    status:
      code: 200
      message: OK
    headers:
      Content-Type:
      - text/xml; charset=utf-8
      Content-Length:
      - '1948'
      Connection:
      - close
      Date:
      - Tue, 28 Feb 2017 15:54:36 UTC
      Server:
      - Xmlrpc-c_Abyss/1.40.0
    body:
      encoding: UTF-8
      string: "<?xml version=\"1.0\" encoding=\"UTF-8\"?>\r\n<methodResponse>\r\n<params>\r\n<param><value><array><data>\r\n<value><boolean>1</boolean></value>\r\n<value><string>&lt;IMAGE&gt;&lt;ID&gt;21&lt;/ID&gt;&lt;UID&gt;0&lt;/UID&gt;&lt;GID&gt;0&lt;/GID&gt;&lt;UNAME&gt;oneadmin&lt;/UNAME&gt;&lt;GNAME&gt;oneadmin&lt;/GNAME&gt;&lt;NAME&gt;EXPIRED_1488291204_ttylinux06&lt;/NAME&gt;&lt;PERMISSIONS&gt;&lt;OWNER_U&gt;1&lt;/OWNER_U&gt;&lt;OWNER_M&gt;1&lt;/OWNER_M&gt;&lt;OWNER_A&gt;0&lt;/OWNER_A&gt;&lt;GROUP_U&gt;0&lt;/GROUP_U&gt;&lt;GROUP_M&gt;0&lt;/GROUP_M&gt;&lt;GROUP_A&gt;0&lt;/GROUP_A&gt;&lt;OTHER_U&gt;0&lt;/OTHER_U&gt;&lt;OTHER_M&gt;0&lt;/OTHER_M&gt;&lt;OTHER_A&gt;0&lt;/OTHER_A&gt;&lt;/PERMISSIONS&gt;&lt;TYPE&gt;0&lt;/TYPE&gt;&lt;DISK_TYPE&gt;0&lt;/DISK_TYPE&gt;&lt;PERSISTENT&gt;0&lt;/PERSISTENT&gt;&lt;REGTIME&gt;1488292970&lt;/REGTIME&gt;&lt;SOURCE&gt;&lt;![CDATA[/var/lib/one//datastores/1/95f38eff8ae3dbcfd486487e77df64a4]]&gt;&lt;/SOURCE&gt;&lt;PATH&gt;&lt;![CDATA[/var/lib/one//datastores/1/b86209767f8b1d938e5299a8fc9125b9]]&gt;&lt;/PATH&gt;&lt;FSTYPE&gt;&lt;![CDATA[raw]]&gt;&lt;/FSTYPE&gt;&lt;SIZE&gt;40&lt;/SIZE&gt;&lt;STATE&gt;3&lt;/STATE&gt;&lt;RUNNING_VMS&gt;0&lt;/RUNNING_VMS&gt;&lt;CLONING_OPS&gt;0&lt;/CLONING_OPS&gt;&lt;CLONING_ID&gt;-1&lt;/CLONING_ID&gt;&lt;TARGET_SNAPSHOT&gt;-1&lt;/TARGET_SNAPSHOT&gt;&lt;DATASTORE_ID&gt;1&lt;/DATASTORE_ID&gt;&lt;DATASTORE&gt;default&lt;/DATASTORE&gt;&lt;VMS&gt;&lt;/VMS&gt;&lt;CLONES&gt;&lt;/CLONES&gt;&lt;APP_CLONES&gt;&lt;/APP_CLONES&gt;&lt;TEMPLATE&gt;&lt;CLOUDKEEPER_APPLIANCE_ID&gt;&lt;![CDATA[qwerty123]]&gt;&lt;/CLOUDKEEPER_APPLIANCE_ID&gt;&lt;CLOUDKEEPER_ID&gt;&lt;![CDATA[cloudkeeper-spec]]&gt;&lt;/CLOUDKEEPER_ID&gt;&lt;DEV_PREFIX&gt;&lt;![CDATA[hd]]&gt;&lt;/DEV_PREFIX&gt;&lt;FSTYPE&gt;&lt;![CDATA[raw]]&gt;&lt;/FSTYPE&gt;&lt;/TEMPLATE&gt;&lt;SNAPSHOTS&gt;&lt;/SNAPSHOTS&gt;&lt;/IMAGE&gt;</string></value>\r\n<value><i4>0</i4></value>\r\n</data></array></value></param>\r\n</params>\r\n</methodResponse>\r\n"
    http_version:
  recorded_at: Tue, 28 Feb 2017 14:54:37 GMT
- request:
    method: post
    uri: http://localhost:2633/RPC2
    body:
      encoding: UTF-8
      string: '<?xml version="1.0" ?><methodCall><methodName>one.image.rename</methodName><params><param><value><string>oneadmin:opennebula</string></value></param><param><value><i4>21</i4></value></param><param><value><string>EXPIRED_1488293677_EXPIRED_1488291204_ttylinux06</string></value></param></params></methodCall>

'
    headers:
      User-Agent:
      - XMLRPC::Client (Ruby 2.3.3)
      Content-Type:
      - text/xml; charset=utf-8
      Content-Length:
      - '308'
      Connection:
      - close
      Accept-Encoding:
      - identity
      Accept:
      - "*/*"
  response:
    status:
      code: 200
      message: OK
    headers:
      Content-Type:
      - text/xml; charset=utf-8
      Content-Length:
      - '252'
      Connection:
      - close
      Date:
      - Tue, 28 Feb 2017 15:54:36 UTC
      Server:
      - Xmlrpc-c_Abyss/1.40.0
    body:
      encoding: UTF-8
      string: "<?xml version=\"1.0\" encoding=\"UTF-8\"?>\r\n<methodResponse>\r\n<params>\r\n<param><value><array><data>\r\n<value><boolean>1</boolean></value>\r\n<value><i4>21</i4></value>\r\n<value><i4>0</i4></value>\r\n</data></array></value></param>\r\n</params>\r\n</methodResponse>\r\n"
    http_version:
  recorded_at: Tue, 28 Feb 2017 14:54:37 GMT
- request:
    method: post
    uri: http://localhost:2633/RPC2
    body:
      encoding: UTF-8
      string: '<?xml version="1.0" ?><methodCall><methodName>one.image.update</methodName><params><param><value><string>oneadmin:opennebula</string></value></param><param><value><i4>21</i4></value></param><param><value><string>CLOUDKEEPER_EXPIRED
        = "yes"</string></value></param><param><value><i4>1</i4></value></param></params></methodCall>

'
    headers:
      User-Agent:
      - XMLRPC::Client (Ruby 2.3.3)
      Content-Type:
      - text/xml; charset=utf-8
      Content-Length:
      - '327'
      Connection:
      - close
      Accept-Encoding:
      - identity
      Accept:
      - "*/*"
  response:
    status:
      code: 200
      message: OK
    headers:
      Content-Type:
      - text/xml; charset=utf-8
      Content-Length:
      - '252'
      Connection:
      - close
      Date:
      - Tue, 28 Feb 2017 15:54:36 UTC
      Server:
      - Xmlrpc-c_Abyss/1.40.0
    body:
      encoding: UTF-8
      string: "<?xml version=\"1.0\" encoding=\"UTF-8\"?>\r\n<methodResponse>\r\n<params>\r\n<param><value><array><data>\r\n<value><boolean>1</boolean></value>\r\n<value><i4>21</i4></value>\r\n<value><i4>0</i4></value>\r\n</data></array></value></param>\r\n</params>\r\n</methodResponse>\r\n"
    http_version:
  recorded_at: Tue, 28 Feb 2017 14:54:37 GMT
- request:
    method: post
    uri: http://localhost:2633/RPC2
    body:
      encoding: UTF-8
      string: '<?xml version="1.0" ?><methodCall><methodName>one.image.info</methodName><params><param><value><string>oneadmin:opennebula</string></value></param><param><value><i4>21</i4></value></param></params></methodCall>

'
    headers:
      User-Agent:
      - XMLRPC::Client (Ruby 2.3.3)
      Content-Type:
      - text/xml; charset=utf-8
      Content-Length:
      - '211'
      Connection:
      - close
      Accept-Encoding:
      - identity
      Accept:
      - "*/*"
  response:
    status:
      code: 200
      message: OK
    headers:
      Content-Type:
      - text/xml; charset=utf-8
      Content-Length:
      - '2043'
      Connection:
      - close
      Date:
      - Tue, 28 Feb 2017 15:54:36 UTC
      Server:
      - Xmlrpc-c_Abyss/1.40.0
    body:
      encoding: UTF-8
      string: "<?xml version=\"1.0\" encoding=\"UTF-8\"?>\r\n<methodResponse>\r\n<params>\r\n<param><value><array><data>\r\n<value><boolean>1</boolean></value>\r\n<value><string>&lt;IMAGE&gt;&lt;ID&gt;21&lt;/ID&gt;&lt;UID&gt;0&lt;/UID&gt;&lt;GID&gt;0&lt;/GID&gt;&lt;UNAME&gt;oneadmin&lt;/UNAME&gt;&lt;GNAME&gt;oneadmin&lt;/GNAME&gt;&lt;NAME&gt;EXPIRED_1488293677_EXPIRED_1488291204_ttylinux06&lt;/NAME&gt;&lt;PERMISSIONS&gt;&lt;OWNER_U&gt;1&lt;/OWNER_U&gt;&lt;OWNER_M&gt;1&lt;/OWNER_M&gt;&lt;OWNER_A&gt;0&lt;/OWNER_A&gt;&lt;GROUP_U&gt;0&lt;/GROUP_U&gt;&lt;GROUP_M&gt;0&lt;/GROUP_M&gt;&lt;GROUP_A&gt;0&lt;/GROUP_A&gt;&lt;OTHER_U&gt;0&lt;/OTHER_U&gt;&lt;OTHER_M&gt;0&lt;/OTHER_M&gt;&lt;OTHER_A&gt;0&lt;/OTHER_A&gt;&lt;/PERMISSIONS&gt;&lt;TYPE&gt;0&lt;/TYPE&gt;&lt;DISK_TYPE&gt;0&lt;/DISK_TYPE&gt;&lt;PERSISTENT&gt;0&lt;/PERSISTENT&gt;&lt;REGTIME&gt;1488292970&lt;/REGTIME&gt;&lt;SOURCE&gt;&lt;![CDATA[/var/lib/one//datastores/1/95f38eff8ae3dbcfd486487e77df64a4]]&gt;&lt;/SOURCE&gt;&lt;PATH&gt;&lt;![CDATA[/var/lib/one//datastores/1/b86209767f8b1d938e5299a8fc9125b9]]&gt;&lt;/PATH&gt;&lt;FSTYPE&gt;&lt;![CDATA[raw]]&gt;&lt;/FSTYPE&gt;&lt;SIZE&gt;40&lt;/SIZE&gt;&lt;STATE&gt;3&lt;/STATE&gt;&lt;RUNNING_VMS&gt;0&lt;/RUNNING_VMS&gt;&lt;CLONING_OPS&gt;0&lt;/CLONING_OPS&gt;&lt;CLONING_ID&gt;-1&lt;/CLONING_ID&gt;&lt;TARGET_SNAPSHOT&gt;-1&lt;/TARGET_SNAPSHOT&gt;&lt;DATASTORE_ID&gt;1&lt;/DATASTORE_ID&gt;&lt;DATASTORE&gt;default&lt;/DATASTORE&gt;&lt;VMS&gt;&lt;/VMS&gt;&lt;CLONES&gt;&lt;/CLONES&gt;&lt;APP_CLONES&gt;&lt;/APP_CLONES&gt;&lt;TEMPLATE&gt;&lt;CLOUDKEEPER_APPLIANCE_ID&gt;&lt;![CDATA[qwerty123]]&gt;&lt;/CLOUDKEEPER_APPLIANCE_ID&gt;&lt;CLOUDKEEPER_EXPIRED&gt;&lt;![CDATA[yes]]&gt;&lt;/CLOUDKEEPER_EXPIRED&gt;&lt;CLOUDKEEPER_ID&gt;&lt;![CDATA[cloudkeeper-spec]]&gt;&lt;/CLOUDKEEPER_ID&gt;&lt;DEV_PREFIX&gt;&lt;![CDATA[hd]]&gt;&lt;/DEV_PREFIX&gt;&lt;FSTYPE&gt;&lt;![CDATA[raw]]&gt;&lt;/FSTYPE&gt;&lt;/TEMPLATE&gt;&lt;SNAPSHOTS&gt;&lt;/SNAPSHOTS&gt;&lt;/IMAGE&gt;</string></value>\r\n<value><i4>0</i4></value>\r\n</data></array></value></param>\r\n</params>\r\n</methodResponse>\r\n"
    http_version:
  recorded_at: Tue, 28 Feb 2017 14:54:37 GMT
- request:
    method: post
    uri: http://localhost:2633/RPC2
    body:
      encoding: UTF-8
      string: '<?xml version="1.0" ?><methodCall><methodName>one.image.delete</methodName><params><param><value><string>oneadmin:opennebula</string></value></param><param><value><i4>21</i4></value></param></params></methodCall>

'
    headers:
      User-Agent:
      - XMLRPC::Client (Ruby 2.3.3)
      Content-Type:
      - text/xml; charset=utf-8
      Content-Length:
      - '213'
      Connection:
      - close
      Accept-Encoding:
      - identity
      Accept:
      - "*/*"
  response:
    status:
      code: 200
      message: OK
    headers:
      Content-Type:
      - text/xml; charset=utf-8
      Content-Length:
      - '252'
      Connection:
      - close
      Date:
      - Tue, 28 Feb 2017 15:54:36 UTC
      Server:
      - Xmlrpc-c_Abyss/1.40.0
    body:
      encoding: UTF-8
      string: "<?xml version=\"1.0\" encoding=\"UTF-8\"?>\r\n<methodResponse>\r\n<params>\r\n<param><value><array><data>\r\n<value><boolean>1</boolean></value>\r\n<value><i4>21</i4></value>\r\n<value><i4>0</i4></value>\r\n</data></array></value></param>\r\n</params>\r\n</methodResponse>\r\n"
    http_version:
  recorded_at: Tue, 28 Feb 2017 14:54:37 GMT
- request:
    method: post
    uri: http://localhost:2633/RPC2
    body:
      encoding: UTF-8
      string: '<?xml version="1.0" ?><methodCall><methodName>one.imagepool.info</methodName><params><param><value><string>oneadmin:opennebula</string></value></param><param><value><i4>-2</i4></value></param><param><value><i4>-1</i4></value></param><param><value><i4>-1</i4></value></param></params></methodCall>

'
    headers:
      User-Agent:
      - XMLRPC::Client (Ruby 2.3.3)
      Content-Type:
      - text/xml; charset=utf-8
      Content-Length:
      - '297'
      Connection:
      - close
      Accept-Encoding:
      - identity
      Accept:
      - "*/*"
  response:
    status:
      code: 200
      message: OK
    headers:
      Content-Type:
      - text/xml; charset=utf-8
      Content-Length:
      - '3625'
      Connection:
      - close
      Date:
      - Tue, 28 Feb 2017 15:54:41 UTC
      Server:
      - Xmlrpc-c_Abyss/1.40.0
    body:
      encoding: UTF-8
      string: "<?xml version=\"1.0\" encoding=\"UTF-8\"?>\r\n<methodResponse>\r\n<params>\r\n<param><value><array><data>\r\n<value><boolean>1</boolean></value>\r\n<value><string>&lt;IMAGE_POOL&gt;&lt;IMAGE&gt;&lt;ID&gt;16&lt;/ID&gt;&lt;UID&gt;0&lt;/UID&gt;&lt;GID&gt;0&lt;/GID&gt;&lt;UNAME&gt;oneadmin&lt;/UNAME&gt;&lt;GNAME&gt;oneadmin&lt;/GNAME&gt;&lt;NAME&gt;ttylinux01&lt;/NAME&gt;&lt;PERMISSIONS&gt;&lt;OWNER_U&gt;1&lt;/OWNER_U&gt;&lt;OWNER_M&gt;1&lt;/OWNER_M&gt;&lt;OWNER_A&gt;0&lt;/OWNER_A&gt;&lt;GROUP_U&gt;0&lt;/GROUP_U&gt;&lt;GROUP_M&gt;0&lt;/GROUP_M&gt;&lt;GROUP_A&gt;0&lt;/GROUP_A&gt;&lt;OTHER_U&gt;0&lt;/OTHER_U&gt;&lt;OTHER_M&gt;0&lt;/OTHER_M&gt;&lt;OTHER_A&gt;0&lt;/OTHER_A&gt;&lt;/PERMISSIONS&gt;&lt;TYPE&gt;0&lt;/TYPE&gt;&lt;DISK_TYPE&gt;0&lt;/DISK_TYPE&gt;&lt;PERSISTENT&gt;0&lt;/PERSISTENT&gt;&lt;REGTIME&gt;1488292934&lt;/REGTIME&gt;&lt;SOURCE&gt;&lt;![CDATA[/var/lib/one//datastores/1/a270b5c38ca639395ff667331fc14f7c]]&gt;&lt;/SOURCE&gt;&lt;PATH&gt;&lt;![CDATA[/var/lib/one//datastores/1/b86209767f8b1d938e5299a8fc9125b9]]&gt;&lt;/PATH&gt;&lt;FSTYPE&gt;&lt;![CDATA[raw]]&gt;&lt;/FSTYPE&gt;&lt;SIZE&gt;40&lt;/SIZE&gt;&lt;STATE&gt;1&lt;/STATE&gt;&lt;RUNNING_VMS&gt;0&lt;/RUNNING_VMS&gt;&lt;CLONING_OPS&gt;0&lt;/CLONING_OPS&gt;&lt;CLONING_ID&gt;-1&lt;/CLONING_ID&gt;&lt;TARGET_SNAPSHOT&gt;-1&lt;/TARGET_SNAPSHOT&gt;&lt;DATASTORE_ID&gt;1&lt;/DATASTORE_ID&gt;&lt;DATASTORE&gt;default&lt;/DATASTORE&gt;&lt;VMS&gt;&lt;/VMS&gt;&lt;CLONES&gt;&lt;/CLONES&gt;&lt;APP_CLONES&gt;&lt;/APP_CLONES&gt;&lt;TEMPLATE&gt;&lt;CLOUDKEEPER_APPLIANCE_ID&gt;&lt;![CDATA[111]]&gt;&lt;/CLOUDKEEPER_APPLIANCE_ID&gt;&lt;CLOUDKEEPER_ID&gt;&lt;![CDATA[cloudkeeper-spec]]&gt;&lt;/CLOUDKEEPER_ID&gt;&lt;DEV_PREFIX&gt;&lt;![CDATA[hd]]&gt;&lt;/DEV_PREFIX&gt;&lt;FSTYPE&gt;&lt;![CDATA[raw]]&gt;&lt;/FSTYPE&gt;&lt;/TEMPLATE&gt;&lt;SNAPSHOTS&gt;&lt;/SNAPSHOTS&gt;&lt;/IMAGE&gt;&lt;IMAGE&gt;&lt;ID&gt;22&lt;/ID&gt;&lt;UID&gt;0&lt;/UID&gt;&lt;GID&gt;0&lt;/GID&gt;&lt;UNAME&gt;oneadmin&lt;/UNAME&gt;&lt;GNAME&gt;oneadmin&lt;/GNAME&gt;&lt;NAME&gt;ttylinux07&lt;/NAME&gt;&lt;PERMISSIONS&gt;&lt;OWNER_U&gt;1&lt;/OWNER_U&gt;&lt;OWNER_M&gt;1&lt;/OWNER_M&gt;&lt;OWNER_A&gt;0&lt;/OWNER_A&gt;&lt;GROUP_U&gt;0&lt;/GROUP_U&gt;&lt;GROUP_M&gt;0&lt;/GROUP_M&gt;&lt;GROUP_A&gt;0&lt;/GROUP_A&gt;&lt;OTHER_U&gt;0&lt;/OTHER_U&gt;&lt;OTHER_M&gt;0&lt;/OTHER_M&gt;&lt;OTHER_A&gt;0&lt;/OTHER_A&gt;&lt;/PERMISSIONS&gt;&lt;TYPE&gt;0&lt;/TYPE&gt;&lt;DISK_TYPE&gt;0&lt;/DISK_TYPE&gt;&lt;PERSISTENT&gt;0&lt;/PERSISTENT&gt;&lt;REGTIME&gt;1488292976&lt;/REGTIME&gt;&lt;SOURCE&gt;&lt;![CDATA[/var/lib/one//datastores/1/8b2584d280f7c33a10094db93521a0ce]]&gt;&lt;/SOURCE&gt;&lt;PATH&gt;&lt;![CDATA[/var/lib/one//datastores/1/b86209767f8b1d938e5299a8fc9125b9]]&gt;&lt;/PATH&gt;&lt;FSTYPE&gt;&lt;![CDATA[raw]]&gt;&lt;/FSTYPE&gt;&lt;SIZE&gt;40&lt;/SIZE&gt;&lt;STATE&gt;1&lt;/STATE&gt;&lt;RUNNING_VMS&gt;0&lt;/RUNNING_VMS&gt;&lt;CLONING_OPS&gt;0&lt;/CLONING_OPS&gt;&lt;CLONING_ID&gt;-1&lt;/CLONING_ID&gt;&lt;TARGET_SNAPSHOT&gt;-1&lt;/TARGET_SNAPSHOT&gt;&lt;DATASTORE_ID&gt;1&lt;/DATASTORE_ID&gt;&lt;DATASTORE&gt;default&lt;/DATASTORE&gt;&lt;VMS&gt;&lt;/VMS&gt;&lt;CLONES&gt;&lt;/CLONES&gt;&lt;APP_CLONES&gt;&lt;/APP_CLONES&gt;&lt;TEMPLATE&gt;&lt;CLOUDKEEPER_APPLIANCE_ID&gt;&lt;![CDATA[777]]&gt;&lt;/CLOUDKEEPER_APPLIANCE_ID&gt;&lt;CLOUDKEEPER_ID&gt;&lt;![CDATA[cloudkeeper-spec]]&gt;&lt;/CLOUDKEEPER_ID&gt;&lt;DEV_PREFIX&gt;&lt;![CDATA[hd]]&gt;&lt;/DEV_PREFIX&gt;&lt;FSTYPE&gt;&lt;![CDATA[raw]]&gt;&lt;/FSTYPE&gt;&lt;/TEMPLATE&gt;&lt;SNAPSHOTS&gt;&lt;/SNAPSHOTS&gt;&lt;/IMAGE&gt;&lt;/IMAGE_POOL&gt;</string></value>\r\n<value><i4>0</i4></value>\r\n</data></array></value></param>\r\n</params>\r\n</methodResponse>\r\n"
    http_version:
  recorded_at: Tue, 28 Feb 2017 14:54:42 GMT
- request:
    method: post
    uri: http://localhost:2633/RPC2
    body:
      encoding: UTF-8
      string: '<?xml version="1.0" ?><methodCall><methodName>one.imagepool.info</methodName><params><param><value><string>oneadmin:opennebula</string></value></param><param><value><i4>-2</i4></value></param><param><value><i4>-1</i4></value></param><param><value><i4>-1</i4></value></param></params></methodCall>

'
    headers:
      User-Agent:
      - XMLRPC::Client (Ruby 2.3.3)
      Content-Type:
      - text/xml; charset=utf-8
      Content-Length:
      - '297'
      Connection:
      - close
      Accept-Encoding:
      - identity
      Accept:
      - "*/*"
  response:
    status:
      code: 200
      message: OK
    headers:
      Content-Type:
      - text/xml; charset=utf-8
      Content-Length:
      - '3625'
      Connection:
      - close
      Date:
      - Tue, 28 Feb 2017 15:54:41 UTC
      Server:
      - Xmlrpc-c_Abyss/1.40.0
    body:
      encoding: UTF-8
      string: "<?xml version=\"1.0\" encoding=\"UTF-8\"?>\r\n<methodResponse>\r\n<params>\r\n<param><value><array><data>\r\n<value><boolean>1</boolean></value>\r\n<value><string>&lt;IMAGE_POOL&gt;&lt;IMAGE&gt;&lt;ID&gt;16&lt;/ID&gt;&lt;UID&gt;0&lt;/UID&gt;&lt;GID&gt;0&lt;/GID&gt;&lt;UNAME&gt;oneadmin&lt;/UNAME&gt;&lt;GNAME&gt;oneadmin&lt;/GNAME&gt;&lt;NAME&gt;ttylinux01&lt;/NAME&gt;&lt;PERMISSIONS&gt;&lt;OWNER_U&gt;1&lt;/OWNER_U&gt;&lt;OWNER_M&gt;1&lt;/OWNER_M&gt;&lt;OWNER_A&gt;0&lt;/OWNER_A&gt;&lt;GROUP_U&gt;0&lt;/GROUP_U&gt;&lt;GROUP_M&gt;0&lt;/GROUP_M&gt;&lt;GROUP_A&gt;0&lt;/GROUP_A&gt;&lt;OTHER_U&gt;0&lt;/OTHER_U&gt;&lt;OTHER_M&gt;0&lt;/OTHER_M&gt;&lt;OTHER_A&gt;0&lt;/OTHER_A&gt;&lt;/PERMISSIONS&gt;&lt;TYPE&gt;0&lt;/TYPE&gt;&lt;DISK_TYPE&gt;0&lt;/DISK_TYPE&gt;&lt;PERSISTENT&gt;0&lt;/PERSISTENT&gt;&lt;REGTIME&gt;1488292934&lt;/REGTIME&gt;&lt;SOURCE&gt;&lt;![CDATA[/var/lib/one//datastores/1/a270b5c38ca639395ff667331fc14f7c]]&gt;&lt;/SOURCE&gt;&lt;PATH&gt;&lt;![CDATA[/var/lib/one//datastores/1/b86209767f8b1d938e5299a8fc9125b9]]&gt;&lt;/PATH&gt;&lt;FSTYPE&gt;&lt;![CDATA[raw]]&gt;&lt;/FSTYPE&gt;&lt;SIZE&gt;40&lt;/SIZE&gt;&lt;STATE&gt;1&lt;/STATE&gt;&lt;RUNNING_VMS&gt;0&lt;/RUNNING_VMS&gt;&lt;CLONING_OPS&gt;0&lt;/CLONING_OPS&gt;&lt;CLONING_ID&gt;-1&lt;/CLONING_ID&gt;&lt;TARGET_SNAPSHOT&gt;-1&lt;/TARGET_SNAPSHOT&gt;&lt;DATASTORE_ID&gt;1&lt;/DATASTORE_ID&gt;&lt;DATASTORE&gt;default&lt;/DATASTORE&gt;&lt;VMS&gt;&lt;/VMS&gt;&lt;CLONES&gt;&lt;/CLONES&gt;&lt;APP_CLONES&gt;&lt;/APP_CLONES&gt;&lt;TEMPLATE&gt;&lt;CLOUDKEEPER_APPLIANCE_ID&gt;&lt;![CDATA[111]]&gt;&lt;/CLOUDKEEPER_APPLIANCE_ID&gt;&lt;CLOUDKEEPER_ID&gt;&lt;![CDATA[cloudkeeper-spec]]&gt;&lt;/CLOUDKEEPER_ID&gt;&lt;DEV_PREFIX&gt;&lt;![CDATA[hd]]&gt;&lt;/DEV_PREFIX&gt;&lt;FSTYPE&gt;&lt;![CDATA[raw]]&gt;&lt;/FSTYPE&gt;&lt;/TEMPLATE&gt;&lt;SNAPSHOTS&gt;&lt;/SNAPSHOTS&gt;&lt;/IMAGE&gt;&lt;IMAGE&gt;&lt;ID&gt;22&lt;/ID&gt;&lt;UID&gt;0&lt;/UID&gt;&lt;GID&gt;0&lt;/GID&gt;&lt;UNAME&gt;oneadmin&lt;/UNAME&gt;&lt;GNAME&gt;oneadmin&lt;/GNAME&gt;&lt;NAME&gt;ttylinux07&lt;/NAME&gt;&lt;PERMISSIONS&gt;&lt;OWNER_U&gt;1&lt;/OWNER_U&gt;&lt;OWNER_M&gt;1&lt;/OWNER_M&gt;&lt;OWNER_A&gt;0&lt;/OWNER_A&gt;&lt;GROUP_U&gt;0&lt;/GROUP_U&gt;&lt;GROUP_M&gt;0&lt;/GROUP_M&gt;&lt;GROUP_A&gt;0&lt;/GROUP_A&gt;&lt;OTHER_U&gt;0&lt;/OTHER_U&gt;&lt;OTHER_M&gt;0&lt;/OTHER_M&gt;&lt;OTHER_A&gt;0&lt;/OTHER_A&gt;&lt;/PERMISSIONS&gt;&lt;TYPE&gt;0&lt;/TYPE&gt;&lt;DISK_TYPE&gt;0&lt;/DISK_TYPE&gt;&lt;PERSISTENT&gt;0&lt;/PERSISTENT&gt;&lt;REGTIME&gt;1488292976&lt;/REGTIME&gt;&lt;SOURCE&gt;&lt;![CDATA[/var/lib/one//datastores/1/8b2584d280f7c33a10094db93521a0ce]]&gt;&lt;/SOURCE&gt;&lt;PATH&gt;&lt;![CDATA[/var/lib/one//datastores/1/b86209767f8b1d938e5299a8fc9125b9]]&gt;&lt;/PATH&gt;&lt;FSTYPE&gt;&lt;![CDATA[raw]]&gt;&lt;/FSTYPE&gt;&lt;SIZE&gt;40&lt;/SIZE&gt;&lt;STATE&gt;1&lt;/STATE&gt;&lt;RUNNING_VMS&gt;0&lt;/RUNNING_VMS&gt;&lt;CLONING_OPS&gt;0&lt;/CLONING_OPS&gt;&lt;CLONING_ID&gt;-1&lt;/CLONING_ID&gt;&lt;TARGET_SNAPSHOT&gt;-1&lt;/TARGET_SNAPSHOT&gt;&lt;DATASTORE_ID&gt;1&lt;/DATASTORE_ID&gt;&lt;DATASTORE&gt;default&lt;/DATASTORE&gt;&lt;VMS&gt;&lt;/VMS&gt;&lt;CLONES&gt;&lt;/CLONES&gt;&lt;APP_CLONES&gt;&lt;/APP_CLONES&gt;&lt;TEMPLATE&gt;&lt;CLOUDKEEPER_APPLIANCE_ID&gt;&lt;![CDATA[777]]&gt;&lt;/CLOUDKEEPER_APPLIANCE_ID&gt;&lt;CLOUDKEEPER_ID&gt;&lt;![CDATA[cloudkeeper-spec]]&gt;&lt;/CLOUDKEEPER_ID&gt;&lt;DEV_PREFIX&gt;&lt;![CDATA[hd]]&gt;&lt;/DEV_PREFIX&gt;&lt;FSTYPE&gt;&lt;![CDATA[raw]]&gt;&lt;/FSTYPE&gt;&lt;/TEMPLATE&gt;&lt;SNAPSHOTS&gt;&lt;/SNAPSHOTS&gt;&lt;/IMAGE&gt;&lt;/IMAGE_POOL&gt;</string></value>\r\n<value><i4>0</i4></value>\r\n</data></array></value></param>\r\n</params>\r\n</methodResponse>\r\n"
    http_version:
  recorded_at: Tue, 28 Feb 2017 14:54:42 GMT
- request:
    method: post
    uri: http://localhost:2633/RPC2
    body:
      encoding: UTF-8
      string: '<?xml version="1.0" ?><methodCall><methodName>one.imagepool.info</methodName><params><param><value><string>oneadmin:opennebula</string></value></param><param><value><i4>-2</i4></value></param><param><value><i4>-1</i4></value></param><param><value><i4>-1</i4></value></param></params></methodCall>

'
    headers:
      User-Agent:
      - XMLRPC::Client (Ruby 2.3.3)
      Content-Type:
      - text/xml; charset=utf-8
      Content-Length:
      - '297'
      Connection:
      - close
      Accept-Encoding:
      - identity
      Accept:
      - "*/*"
  response:
    status:
      code: 200
      message: OK
    headers:
      Content-Type:
      - text/xml; charset=utf-8
      Content-Length:
      - '3625'
      Connection:
      - close
      Date:
      - Tue, 28 Feb 2017 15:54:41 UTC
      Server:
      - Xmlrpc-c_Abyss/1.40.0
    body:
      encoding: UTF-8
      string: "<?xml version=\"1.0\" encoding=\"UTF-8\"?>\r\n<methodResponse>\r\n<params>\r\n<param><value><array><data>\r\n<value><boolean>1</boolean></value>\r\n<value><string>&lt;IMAGE_POOL&gt;&lt;IMAGE&gt;&lt;ID&gt;16&lt;/ID&gt;&lt;UID&gt;0&lt;/UID&gt;&lt;GID&gt;0&lt;/GID&gt;&lt;UNAME&gt;oneadmin&lt;/UNAME&gt;&lt;GNAME&gt;oneadmin&lt;/GNAME&gt;&lt;NAME&gt;ttylinux01&lt;/NAME&gt;&lt;PERMISSIONS&gt;&lt;OWNER_U&gt;1&lt;/OWNER_U&gt;&lt;OWNER_M&gt;1&lt;/OWNER_M&gt;&lt;OWNER_A&gt;0&lt;/OWNER_A&gt;&lt;GROUP_U&gt;0&lt;/GROUP_U&gt;&lt;GROUP_M&gt;0&lt;/GROUP_M&gt;&lt;GROUP_A&gt;0&lt;/GROUP_A&gt;&lt;OTHER_U&gt;0&lt;/OTHER_U&gt;&lt;OTHER_M&gt;0&lt;/OTHER_M&gt;&lt;OTHER_A&gt;0&lt;/OTHER_A&gt;&lt;/PERMISSIONS&gt;&lt;TYPE&gt;0&lt;/TYPE&gt;&lt;DISK_TYPE&gt;0&lt;/DISK_TYPE&gt;&lt;PERSISTENT&gt;0&lt;/PERSISTENT&gt;&lt;REGTIME&gt;1488292934&lt;/REGTIME&gt;&lt;SOURCE&gt;&lt;![CDATA[/var/lib/one//datastores/1/a270b5c38ca639395ff667331fc14f7c]]&gt;&lt;/SOURCE&gt;&lt;PATH&gt;&lt;![CDATA[/var/lib/one//datastores/1/b86209767f8b1d938e5299a8fc9125b9]]&gt;&lt;/PATH&gt;&lt;FSTYPE&gt;&lt;![CDATA[raw]]&gt;&lt;/FSTYPE&gt;&lt;SIZE&gt;40&lt;/SIZE&gt;&lt;STATE&gt;1&lt;/STATE&gt;&lt;RUNNING_VMS&gt;0&lt;/RUNNING_VMS&gt;&lt;CLONING_OPS&gt;0&lt;/CLONING_OPS&gt;&lt;CLONING_ID&gt;-1&lt;/CLONING_ID&gt;&lt;TARGET_SNAPSHOT&gt;-1&lt;/TARGET_SNAPSHOT&gt;&lt;DATASTORE_ID&gt;1&lt;/DATASTORE_ID&gt;&lt;DATASTORE&gt;default&lt;/DATASTORE&gt;&lt;VMS&gt;&lt;/VMS&gt;&lt;CLONES&gt;&lt;/CLONES&gt;&lt;APP_CLONES&gt;&lt;/APP_CLONES&gt;&lt;TEMPLATE&gt;&lt;CLOUDKEEPER_APPLIANCE_ID&gt;&lt;![CDATA[111]]&gt;&lt;/CLOUDKEEPER_APPLIANCE_ID&gt;&lt;CLOUDKEEPER_ID&gt;&lt;![CDATA[cloudkeeper-spec]]&gt;&lt;/CLOUDKEEPER_ID&gt;&lt;DEV_PREFIX&gt;&lt;![CDATA[hd]]&gt;&lt;/DEV_PREFIX&gt;&lt;FSTYPE&gt;&lt;![CDATA[raw]]&gt;&lt;/FSTYPE&gt;&lt;/TEMPLATE&gt;&lt;SNAPSHOTS&gt;&lt;/SNAPSHOTS&gt;&lt;/IMAGE&gt;&lt;IMAGE&gt;&lt;ID&gt;22&lt;/ID&gt;&lt;UID&gt;0&lt;/UID&gt;&lt;GID&gt;0&lt;/GID&gt;&lt;UNAME&gt;oneadmin&lt;/UNAME&gt;&lt;GNAME&gt;oneadmin&lt;/GNAME&gt;&lt;NAME&gt;ttylinux07&lt;/NAME&gt;&lt;PERMISSIONS&gt;&lt;OWNER_U&gt;1&lt;/OWNER_U&gt;&lt;OWNER_M&gt;1&lt;/OWNER_M&gt;&lt;OWNER_A&gt;0&lt;/OWNER_A&gt;&lt;GROUP_U&gt;0&lt;/GROUP_U&gt;&lt;GROUP_M&gt;0&lt;/GROUP_M&gt;&lt;GROUP_A&gt;0&lt;/GROUP_A&gt;&lt;OTHER_U&gt;0&lt;/OTHER_U&gt;&lt;OTHER_M&gt;0&lt;/OTHER_M&gt;&lt;OTHER_A&gt;0&lt;/OTHER_A&gt;&lt;/PERMISSIONS&gt;&lt;TYPE&gt;0&lt;/TYPE&gt;&lt;DISK_TYPE&gt;0&lt;/DISK_TYPE&gt;&lt;PERSISTENT&gt;0&lt;/PERSISTENT&gt;&lt;REGTIME&gt;1488292976&lt;/REGTIME&gt;&lt;SOURCE&gt;&lt;![CDATA[/var/lib/one//datastores/1/8b2584d280f7c33a10094db93521a0ce]]&gt;&lt;/SOURCE&gt;&lt;PATH&gt;&lt;![CDATA[/var/lib/one//datastores/1/b86209767f8b1d938e5299a8fc9125b9]]&gt;&lt;/PATH&gt;&lt;FSTYPE&gt;&lt;![CDATA[raw]]&gt;&lt;/FSTYPE&gt;&lt;SIZE&gt;40&lt;/SIZE&gt;&lt;STATE&gt;1&lt;/STATE&gt;&lt;RUNNING_VMS&gt;0&lt;/RUNNING_VMS&gt;&lt;CLONING_OPS&gt;0&lt;/CLONING_OPS&gt;&lt;CLONING_ID&gt;-1&lt;/CLONING_ID&gt;&lt;TARGET_SNAPSHOT&gt;-1&lt;/TARGET_SNAPSHOT&gt;&lt;DATASTORE_ID&gt;1&lt;/DATASTORE_ID&gt;&lt;DATASTORE&gt;default&lt;/DATASTORE&gt;&lt;VMS&gt;&lt;/VMS&gt;&lt;CLONES&gt;&lt;/CLONES&gt;&lt;APP_CLONES&gt;&lt;/APP_CLONES&gt;&lt;TEMPLATE&gt;&lt;CLOUDKEEPER_APPLIANCE_ID&gt;&lt;![CDATA[777]]&gt;&lt;/CLOUDKEEPER_APPLIANCE_ID&gt;&lt;CLOUDKEEPER_ID&gt;&lt;![CDATA[cloudkeeper-spec]]&gt;&lt;/CLOUDKEEPER_ID&gt;&lt;DEV_PREFIX&gt;&lt;![CDATA[hd]]&gt;&lt;/DEV_PREFIX&gt;&lt;FSTYPE&gt;&lt;![CDATA[raw]]&gt;&lt;/FSTYPE&gt;&lt;/TEMPLATE&gt;&lt;SNAPSHOTS&gt;&lt;/SNAPSHOTS&gt;&lt;/IMAGE&gt;&lt;/IMAGE_POOL&gt;</string></value>\r\n<value><i4>0</i4></value>\r\n</data></array></value></param>\r\n</params>\r\n</methodResponse>\r\n"
    http_version:
  recorded_at: Tue, 28 Feb 2017 14:54:42 GMT
recorded_with: VCR 3.0.3
